[2018-07-25 10:32:00.954594][info][source:lane][message:radius: 1.07552]
[2018-07-25 10:32:00.973016][info][source:lane][message:radius: 1.07552]
[2018-07-25 10:32:01.399340][info][source:lane][message:radius: 1.07552]
[2018-07-25 10:32:01.429343][info][source:lane][message:radius: 1.07552]
[2018-07-25 10:32:01.458421][info][source:lane][message:radius: 1.07552]
[2018-07-25 10:32:01.497400][info][source:lane][message:radius: 1.07552]
[2018-07-25 10:32:01.525427][info][source:lane][message:radius: 1.07552]
[2018-07-25 10:32:01.559903][info][source:lane][message:radius: 1.07552]
[2018-07-25 10:32:01.594479][info][source:lane][message:radius: 1.07552]
[2018-07-25 10:32:01.629918][info][source:lane][message:radius: 1.07552]
[2018-07-25 10:32:01.658029][info][source:lane][message:radius: 1.07552]
[2018-07-25 10:32:01.694170][info][source:lane][message:radius: 1.34325]
[2018-07-25 10:32:01.726474][info][source:lane][message:radius: 1.33436]
[2018-07-25 10:32:01.761786][info][source:lane][message:radius: 1.32797]
[2018-07-25 10:32:01.793717][info][source:lane][message:radius: -1.32075]
[2018-07-25 10:32:01.830014][info][source:lane][message:radius: -1.31377]
[2018-07-25 10:32:01.857541][info][source:lane][message:radius: -1.30796]
[2018-07-25 10:32:01.895264][info][source:lane][message:radius: -1.32306]
[2018-07-25 10:32:01.929168][info][source:lane][message:radius: 1.33398]
[2018-07-25 10:32:01.957903][info][source:lane][message:radius: 1.34675]
[2018-07-25 10:32:01.995342][info][source:lane][message:radius: 1.35197]
[2018-07-25 10:32:02.028534][info][source:lane][message:radius: 1.35639]
[2018-07-25 10:32:02.062806][info][source:lane][message:radius: 1.35822]
[2018-07-25 10:32:02.095195][info][source:lane][message:radius: 1.35564]
[2018-07-25 10:32:02.128438][info][source:lane][message:radius: 1.35566]
[2018-07-25 10:32:02.161922][info][source:lane][message:radius: 1.36004]
[2018-07-25 10:32:02.196244][info][source:lane][message:radius: 1.36187]
[2018-07-25 10:32:02.229779][info][source:lane][message:radius: 1.36185]
[2018-07-25 10:32:02.262369][info][source:lane][message:radius: 1.35928]
[2018-07-25 10:32:02.294496][info][source:lane][message:radius: 1.3567]
[2018-07-25 10:32:02.328566][info][source:lane][message:radius: 1.35412]
[2018-07-25 10:32:02.361918][info][source:lane][message:radius: 1.35408]
[2018-07-25 10:32:02.392631][info][source:lane][message:radius: 1.3522]
[2018-07-25 10:32:02.428338][info][source:lane][message:radius: 1.34961]
[2018-07-25 10:32:02.464492][info][source:lane][message:radius: 1.34956]
[2018-07-25 10:32:02.496228][info][source:lane][message:radius: 1.34955]
[2018-07-25 10:32:02.530142][info][source:lane][message:radius: 1.34692]
[2018-07-25 10:32:02.559843][info][source:lane][message:radius: 1.34691]
[2018-07-25 10:32:02.595391][info][source:lane][message:radius: 1.34501]
[2018-07-25 10:32:02.624226][info][source:lane][message:radius: 1.31855]
[2018-07-25 10:32:02.662447][info][source:lane][message:radius: -1.33265]
[2018-07-25 10:32:02.693703][info][source:lane][message:radius: -1.33018]
[2018-07-25 10:32:02.729621][info][source:lane][message:radius: -1.3334]
[2018-07-25 10:32:02.757988][info][source:lane][message:radius: -1.33348]
[2018-07-25 10:32:02.795429][info][source:lane][message:radius: -1.33868]
[2018-07-25 10:32:02.827702][info][source:lane][message:radius: -1.33735]
[2018-07-25 10:32:02.857634][info][source:lane][message:radius: -1.34168]
[2018-07-25 10:32:02.895281][info][source:lane][message:radius: -1.34732]
[2018-07-25 10:32:02.928966][info][source:lane][message:radius: 1.35188]
[2018-07-25 10:32:02.960378][info][source:lane][message:radius: 1.35707]
[2018-07-25 10:32:02.996747][info][source:lane][message:radius: 1.3566]
[2018-07-25 10:32:03.029219][info][source:lane][message:radius: 1.35747]
[2018-07-25 10:32:03.060954][info][source:lane][message:radius: 1.3583]
[2018-07-25 10:32:03.095275][info][source:lane][message:radius: 1.35988]
[2018-07-25 10:32:03.128543][info][source:lane][message:radius: 1.36694]
[2018-07-25 10:32:03.161347][info][source:lane][message:radius: 1.36134]
[2018-07-25 10:32:03.194337][info][source:lane][message:radius: 1.35655]
[2018-07-25 10:32:03.228562][info][source:lane][message:radius: 1.35129]
[2018-07-25 10:32:03.261550][info][source:lane][message:radius: 1.35209]
[2018-07-25 10:32:03.294458][info][source:lane][message:radius: 1.35668]
[2018-07-25 10:32:03.327344][info][source:lane][message:radius: 1.36321]
[2018-07-25 10:32:03.357950][info][source:lane][message:radius: 1.38638]
[2018-07-25 10:32:03.394389][info][source:lane][message:radius: 1.40123]
[2018-07-25 10:32:03.427973][info][source:lane][message:radius: 1.41687]
[2018-07-25 10:32:03.458178][info][source:lane][message:radius: 1.4284]
[2018-07-25 10:32:03.496204][info][source:lane][message:radius: 1.4412]
[2018-07-25 10:32:03.526509][info][source:lane][message:radius: 1.43482]
[2018-07-25 10:32:03.562955][info][source:lane][message:radius: 1.42844]
[2018-07-25 10:32:03.590669][info][source:lane][message:radius: 1.42144]
[2018-07-25 10:32:03.629615][info][source:lane][message:radius: 1.41505]
[2018-07-25 10:32:03.657757][info][source:lane][message:radius: 1.41314]
[2018-07-25 10:32:03.695906][info][source:lane][message:radius: 1.40674]
[2018-07-25 10:32:03.729907][info][source:lane][message:radius: 1.39971]
[2018-07-25 10:32:03.757612][info][source:lane][message:radius: 1.39254]
[2018-07-25 10:32:03.795234][info][source:lane][message:radius: 1.39323]
[2018-07-25 10:32:03.824656][info][source:lane][message:radius: 1.39328]
[2018-07-25 10:32:03.861888][info][source:lane][message:radius: 1.38856]
[2018-07-25 10:32:03.890395][info][source:lane][message:radius: 1.3831]
[2018-07-25 10:32:03.930219][info][source:lane][message:radius: 1.38882]
[2018-07-25 10:32:03.961057][info][source:lane][message:radius: 1.38429]
[2018-07-25 10:32:03.996070][info][source:lane][message:radius: 1.38236]
[2018-07-25 10:32:04.028796][info][source:lane][message:radius: 1.3799]
[2018-07-25 10:32:04.062989][info][source:lane][message:radius: 1.38091]
[2018-07-25 10:32:04.091825][info][source:lane][message:radius: 1.38365]
[2018-07-25 10:32:04.129393][info][source:lane][message:radius: 1.38876]
[2018-07-25 10:32:04.157862][info][source:lane][message:radius: 1.3932]
[2018-07-25 10:32:04.197530][info][source:lane][message:radius: 1.39766]
[2018-07-25 10:32:04.225423][info][source:lane][message:radius: 1.40278]
[2018-07-25 10:32:04.261540][info][source:lane][message:radius: 1.39835]
[2018-07-25 10:32:04.294670][info][source:lane][message:radius: 1.40535]
[2018-07-25 10:32:04.328886][info][source:lane][message:radius: 1.40792]
[2018-07-25 10:32:04.360493][info][source:lane][message:radius: 1.41117]
[2018-07-25 10:32:04.396206][info][source:lane][message:radius: 1.41373]
[2018-07-25 10:32:04.428469][info][source:lane][message:radius: 1.40861]
[2018-07-25 10:32:04.463062][info][source:lane][message:radius: 1.40418]
[2018-07-25 10:32:04.491883][info][source:lane][message:radius: 1.39907]
[2018-07-25 10:32:04.529291][info][source:lane][message:radius: 1.3965]
[2018-07-25 10:32:04.558154][info][source:lane][message:radius: 1.40605]
[2018-07-25 10:32:04.596559][info][source:lane][message:radius: 1.41558]
[2018-07-25 10:32:04.630439][info][source:lane][message:radius: 1.42257]
[2018-07-25 10:32:04.661080][info][source:lane][message:radius: 1.427]
[2018-07-25 10:32:04.693684][info][source:lane][message:radius: 1.43465]
[2018-07-25 10:32:04.728098][info][source:lane][message:radius: 1.43908]
[2018-07-25 10:32:04.761690][info][source:lane][message:radius: 1.44418]
[2018-07-25 10:32:04.791825][info][source:lane][message:radius: 1.44673]
[2018-07-25 10:32:04.827634][info][source:lane][message:radius: 1.44861]
[2018-07-25 10:32:04.860678][info][source:lane][message:radius: 1.44861]
[2018-07-25 10:32:04.893789][info][source:lane][message:radius: 1.45183]
[2018-07-25 10:32:04.929737][info][source:lane][message:radius: 1.44418]
[2018-07-25 10:32:04.958750][info][source:lane][message:radius: 1.44231]
[2018-07-25 10:32:04.996920][info][source:lane][message:radius: 1.43653]
[2018-07-25 10:32:05.025926][info][source:lane][message:radius: 1.43143]
[2018-07-25 10:32:05.059985][info][source:lane][message:radius: 1.43585]
[2018-07-25 10:32:05.095226][info][source:lane][message:radius: 1.43519]
[2018-07-25 10:32:05.126560][info][source:lane][message:radius: 1.43264]
[2018-07-25 10:32:05.160634][info][source:lane][message:radius: 1.43009]
[2018-07-25 10:32:05.194867][info][source:lane][message:radius: 1.43008]
[2018-07-25 10:32:05.227822][info][source:lane][message:radius: 1.43385]
[2018-07-25 10:32:05.261138][info][source:lane][message:radius: 1.42498]
[2018-07-25 10:32:05.292258][info][source:lane][message:radius: 1.4415]
[2018-07-25 10:32:05.330328][info][source:lane][message:radius: 1.44528]
[2018-07-25 10:32:05.358816][info][source:lane][message:radius: 1.4618]
[2018-07-25 10:32:05.393639][info][source:lane][message:radius: 1.4637]
[2018-07-25 10:32:05.429038][info][source:lane][message:radius: 1.47833]
[2018-07-25 10:32:05.459504][info][source:lane][message:radius: 1.48722]
[2018-07-25 10:32:05.494112][info][source:lane][message:radius: 1.49103]
[2018-07-25 10:32:05.523860][info][source:lane][message:radius: 1.49548]
[2018-07-25 10:32:05.559948][info][source:lane][message:radius: 1.5063]
[2018-07-25 10:32:05.594497][info][source:lane][message:radius: 1.51075]
[2018-07-25 10:32:05.626248][info][source:lane][message:radius: 1.51267]
[2018-07-25 10:32:05.659566][info][source:lane][message:radius: 1.51459]
[2018-07-25 10:32:05.694008][info][source:lane][message:radius: 1.51845]
[2018-07-25 10:32:05.727555][info][source:lane][message:radius: 1.52231]
[2018-07-25 10:32:05.761230][info][source:lane][message:radius: 1.52678]
[2018-07-25 10:32:05.792198][info][source:lane][message:radius: 1.52871]
[2018-07-25 10:32:05.828552][info][source:lane][message:radius: 1.52871]
[2018-07-25 10:32:05.862104][info][source:lane][message:radius: 1.53513]
[2018-07-25 10:32:05.891559][info][source:lane][message:radius: 1.53961]
[2018-07-25 10:32:05.928068][info][source:lane][message:radius: 1.54915]
[2018-07-25 10:32:05.960646][info][source:lane][message:radius: 1.55617]
[2018-07-25 10:32:06.176175][info][source:lane][message:radius: 1.55617]
[2018-07-25 10:32:06.193635][info][source:lane][message:radius: 1.5587]
[2018-07-25 10:32:06.210877][info][source:lane][message:radius: 1.56377]
[2018-07-25 10:32:06.229063][info][source:lane][message:radius: 1.56884]
[2018-07-25 10:32:06.246383][info][source:lane][message:radius: 1.56183]
[2018-07-25 10:32:06.264045][info][source:lane][message:radius: 1.55736]
[2018-07-25 10:32:06.291917][info][source:lane][message:radius: 1.55095]
[2018-07-25 10:32:06.328340][info][source:lane][message:radius: 1.54394]
[2018-07-25 10:32:06.361778][info][source:lane][message:radius: 1.54201]
[2018-07-25 10:32:06.390302][info][source:lane][message:radius: 1.54008]
[2018-07-25 10:32:06.427338][info][source:lane][message:radius: 1.53562]
[2018-07-25 10:32:06.458108][info][source:lane][message:radius: 1.53115]
[2018-07-25 10:32:06.491676][info][source:lane][message:radius: 1.53115]
[2018-07-25 10:32:06.527008][info][source:lane][message:radius: 1.53622]
[2018-07-25 10:32:06.559481][info][source:lane][message:radius: 1.54576]
[2018-07-25 10:32:06.595147][info][source:lane][message:radius: 1.55022]
[2018-07-25 10:32:06.627447][info][source:lane][message:radius: 1.55276]
[2018-07-25 10:32:06.662153][info][source:lane][message:radius: 1.55783]
[2018-07-25 10:32:06.691182][info][source:lane][message:radius: 1.5623]
[2018-07-25 10:32:06.728544][info][source:lane][message:radius: 1.56737]
[2018-07-25 10:32:06.760952][info][source:lane][message:radius: 1.56737]
[2018-07-25 10:32:06.794323][info][source:lane][message:radius: 1.56991]
[2018-07-25 10:32:06.827736][info][source:lane][message:radius: 1.57244]
[2018-07-25 10:32:06.862057][info][source:lane][message:radius: 1.56991]
[2018-07-25 10:32:06.890116][info][source:lane][message:radius: 1.56991]
[2018-07-25 10:32:06.925095][info][source:lane][message:radius: 1.57437]
[2018-07-25 10:32:06.962026][info][source:lane][message:radius: 1.57437]
[2018-07-25 10:32:06.993661][info][source:lane][message:radius: 1.57183]
[2018-07-25 10:32:07.024307][info][source:lane][message:radius: 1.57183]
[2018-07-25 10:32:07.061888][info][source:lane][message:radius: 1.56544]
[2018-07-25 10:32:07.091044][info][source:lane][message:radius: 1.57114]
[2018-07-25 10:32:07.128675][info][source:lane][message:radius: 1.57368]
[2018-07-25 10:32:07.161878][info][source:lane][message:radius: 1.57938]
[2018-07-25 10:32:07.191782][info][source:lane][message:radius: 1.58255]
[2018-07-25 10:32:07.225934][info][source:lane][message:radius: 1.57556]
[2018-07-25 10:32:07.256930][info][source:lane][message:radius: 1.57873]
[2018-07-25 10:32:07.292332][info][source:lane][message:radius: 1.57873]
[2018-07-25 10:32:07.327600][info][source:lane][message:radius: 1.57873]
[2018-07-25 10:32:07.358668][info][source:lane][message:radius: 1.57301]
[2018-07-25 10:32:07.393688][info][source:lane][message:radius: 1.56539]
[2018-07-25 10:32:07.428108][info][source:lane][message:radius: 1.56222]
[2018-07-25 10:32:07.461939][info][source:lane][message:radius: 1.5616]
[2018-07-25 10:32:07.492221][info][source:lane][message:radius: 1.55783]
[2018-07-25 10:32:07.528225][info][source:lane][message:radius: 1.55276]
[2018-07-25 10:32:07.562100][info][source:lane][message:radius: 1.54515]
[2018-07-25 10:32:07.590211][info][source:lane][message:radius: 1.53754]
[2018-07-25 10:32:07.629130][info][source:lane][message:radius: 1.53633]
[2018-07-25 10:32:07.656471][info][source:lane][message:radius: 1.5338]
[2018-07-25 10:32:07.696123][info][source:lane][message:radius: 1.53067]
[2018-07-25 10:32:07.727509][info][source:lane][message:radius: 1.5083]
[2018-07-25 10:32:07.758944][info][source:lane][message:radius: 1.4949]
[2018-07-25 10:32:07.792230][info][source:lane][message:radius: 1.49682]
[2018-07-25 10:32:07.823040][info][source:lane][message:radius: 1.50068]
[2018-07-25 10:32:07.857567][info][source:lane][message:radius: 1.50261]
[2018-07-25 10:32:07.895967][info][source:lane][message:radius: 1.50201]
[2018-07-25 10:32:07.926688][info][source:lane][message:radius: 1.50902]
[2018-07-25 10:32:07.961827][info][source:lane][message:radius: 1.51544]
[2018-07-25 10:32:07.991846][info][source:lane][message:radius: 1.52187]
[2018-07-25 10:32:08.030633][info][source:lane][message:radius: 1.5244]
[2018-07-25 10:32:08.058453][info][source:lane][message:radius: 1.53083]
[2018-07-25 10:32:08.096086][info][source:lane][message:radius: 1.53532]
[2018-07-25 10:32:08.125193][info][source:lane][message:radius: 1.5398]
[2018-07-25 10:32:08.163545][info][source:lane][message:radius: 1.52439]
[2018-07-25 10:32:08.191456][info][source:lane][message:radius: 1.50841]
[2018-07-25 10:32:08.227129][info][source:lane][message:radius: 1.49751]
[2018-07-25 10:32:08.258910][info][source:lane][message:radius: 1.48663]
[2018-07-25 10:32:08.293778][info][source:lane][message:radius: 1.47769]
[2018-07-25 10:32:08.326179][info][source:lane][message:radius: 1.46428]
[2018-07-25 10:32:08.360862][info][source:lane][message:radius: 1.45279]
[2018-07-25 10:32:08.393816][info][source:lane][message:radius: 1.44896]
[2018-07-25 10:32:08.429700][info][source:lane][message:radius: 1.44004]
[2018-07-25 10:32:08.457770][info][source:lane][message:radius: 1.43813]
[2018-07-25 10:32:08.493283][info][source:lane][message:radius: 1.43368]
[2018-07-25 10:32:08.524558][info][source:lane][message:radius: 1.42923]
[2018-07-25 10:32:08.562835][info][source:lane][message:radius: 1.42732]
[2018-07-25 10:32:08.590049][info][source:lane][message:radius: 1.42542]
[2018-07-25 10:32:08.625513][info][source:lane][message:radius: 1.4229]
[2018-07-25 10:32:08.656456][info][source:lane][message:radius: 1.42355]
[2018-07-25 10:32:08.692937][info][source:lane][message:radius: 1.42101]
[2018-07-25 10:32:08.728369][info][source:lane][message:radius: 1.42167]
[2018-07-25 10:32:08.761041][info][source:lane][message:radius: 1.42167]
[2018-07-25 10:32:08.793606][info][source:lane][message:radius: 1.41913]
[2018-07-25 10:32:08.823320][info][source:lane][message:radius: 1.41723]
[2018-07-25 10:32:08.861581][info][source:lane][message:radius: 1.41724]
[2018-07-25 10:32:08.892432][info][source:lane][message:radius: 1.41604]
[2018-07-25 10:32:08.928466][info][source:lane][message:radius: 1.41539]
[2018-07-25 10:32:08.960134][info][source:lane][message:radius: 1.41794]
[2018-07-25 10:32:08.994838][info][source:lane][message:radius: 1.41795]
[2018-07-25 10:32:09.023244][info][source:lane][message:radius: 1.4205]
[2018-07-25 10:32:09.061564][info][source:lane][message:radius: 1.41675]
[2018-07-25 10:32:09.089809][info][source:lane][message:radius: 1.41675]
[2018-07-25 10:32:09.124569][info][source:lane][message:radius: 1.41675]
[2018-07-25 10:32:09.159774][info][source:lane][message:radius: 1.41675]
[2018-07-25 10:32:09.191582][info][source:lane][message:radius: 1.41675]
[2018-07-25 10:32:09.227971][info][source:lane][message:radius: 1.41675]
[2018-07-25 10:32:09.262018][info][source:lane][message:radius: 1.41489]
[2018-07-25 10:32:09.290621][info][source:lane][message:radius: 1.41302]
[2018-07-25 10:32:09.328560][info][source:lane][message:radius: 1.4137]
[2018-07-25 10:32:09.361614][info][source:lane][message:radius: 1.4137]
[2018-07-25 10:32:09.391214][info][source:lane][message:radius: 1.41371]
[2018-07-25 10:32:09.424349][info][source:lane][message:radius: 1.4144]
[2018-07-25 10:32:09.461284][info][source:lane][message:radius: 1.41627]
[2018-07-25 10:32:09.490529][info][source:lane][message:radius: 1.41441]
[2018-07-25 10:32:09.529209][info][source:lane][message:radius: 1.41696]
[2018-07-25 10:32:09.557395][info][source:lane][message:radius: 1.41696]
[2018-07-25 10:32:09.593557][info][source:lane][message:radius: 1.41627]
[2018-07-25 10:32:09.628569][info][source:lane][message:radius: 1.41441]
[2018-07-25 10:32:09.657070][info][source:lane][message:radius: 1.41695]
[2018-07-25 10:32:09.694034][info][source:lane][message:radius: 1.41441]
[2018-07-25 10:32:09.728400][info][source:lane][message:radius: 1.41254]
[2018-07-25 10:32:09.762704][info][source:lane][message:radius: 1.41255]
[2018-07-25 10:32:09.790739][info][source:lane][message:radius: 1.41069]
[2018-07-25 10:32:09.828180][info][source:lane][message:radius: 1.41069]
[2018-07-25 10:32:09.856331][info][source:lane][message:radius: 1.41255]
[2018-07-25 10:32:09.894396][info][source:lane][message:radius: 1.41324]
[2018-07-25 10:32:09.923071][info][source:lane][message:radius: 1.41324]
[2018-07-25 10:32:09.962442][info][source:lane][message:radius: 1.41324]
[2018-07-25 10:32:09.991561][info][source:lane][message:radius: 1.41139]
[2018-07-25 10:32:10.028089][info][source:lane][message:radius: 1.41138]
[2018-07-25 10:32:10.059817][info][source:lane][message:radius: 1.41069]
[2018-07-25 10:32:10.092441][info][source:lane][message:radius: 1.41068]
[2018-07-25 10:32:10.124284][info][source:lane][message:radius: 1.41254]
[2018-07-25 10:32:10.160900][info][source:lane][message:radius: 1.41254]
[2018-07-25 10:32:10.194451][info][source:lane][message:radius: 1.41185]
[2018-07-25 10:32:10.224090][info][source:lane][message:radius: 1.41185]
[2018-07-25 10:32:10.261074][info][source:lane][message:radius: 1.41439]
[2018-07-25 10:32:10.290252][info][source:lane][message:radius: 1.41439]
[2018-07-25 10:32:10.325796][info][source:lane][message:radius: 1.41371]
[2018-07-25 10:32:10.356537][info][source:lane][message:radius: 1.41371]
[2018-07-25 10:32:10.390752][info][source:lane][message:radius: 1.41184]
[2018-07-25 10:32:10.426014][info][source:lane][message:radius: 1.41371]
[2018-07-25 10:32:10.461022][info][source:lane][message:radius: 1.41371]
[2018-07-25 10:32:10.492925][info][source:lane][message:radius: 1.4137]
[2018-07-25 10:32:10.527944][info][source:lane][message:radius: 1.4137]
[2018-07-25 10:32:10.560955][info][source:lane][message:radius: 1.41302]
[2018-07-25 10:32:10.592586][info][source:lane][message:radius: 1.41557]
[2018-07-25 10:32:10.628720][info][source:lane][message:radius: 1.41557]
[2018-07-25 10:32:10.661203][info][source:lane][message:radius: 1.41557]
[2018-07-25 10:32:10.691892][info][source:lane][message:radius: 1.41557]
[2018-07-25 10:32:10.724756][info][source:lane][message:radius: 1.41557]
[2018-07-25 10:32:10.757457][info][source:lane][message:radius: 1.41558]
[2018-07-25 10:32:10.794610][info][source:lane][message:radius: 1.41371]
[2018-07-25 10:32:10.826583][info][source:lane][message:radius: 1.41371]
[2018-07-25 10:32:10.862071][info][source:lane][message:radius: 1.41371]
[2018-07-25 10:32:10.890744][info][source:lane][message:radius: 1.41371]
[2018-07-25 10:32:10.927479][info][source:lane][message:radius: 1.41116]
[2018-07-25 10:32:10.961177][info][source:lane][message:radius: 1.41184]
[2018-07-25 10:32:10.991978][info][source:lane][message:radius: 1.41184]
[2018-07-25 10:32:11.026188][info][source:lane][message:radius: 1.41184]
[2018-07-25 10:32:11.063084][info][source:lane][message:radius: 1.4093]
[2018-07-25 10:32:11.092722][info][source:lane][message:radius: 1.40998]
[2018-07-25 10:32:11.123264][info][source:lane][message:radius: 1.40998]
[2018-07-25 10:32:11.158215][info][source:lane][message:radius: 1.40743]
[2018-07-25 10:32:11.192809][info][source:lane][message:radius: 1.40744]
[2018-07-25 10:32:11.223944][info][source:lane][message:radius: 1.41068]
[2018-07-25 10:32:11.257681][info][source:lane][message:radius: 1.41068]
[2018-07-25 10:32:11.291817][info][source:lane][message:radius: 1.41069]
[2018-07-25 10:32:11.324584][info][source:lane][message:radius: 1.41069]
[2018-07-25 10:32:11.363500][info][source:lane][message:radius: 1.41324]
[2018-07-25 10:32:11.391389][info][source:lane][message:radius: 1.41255]
[2018-07-25 10:32:11.424603][info][source:lane][message:radius: 1.41255]
[2018-07-25 10:32:11.458164][info][source:lane][message:radius: 1.41255]
[2018-07-25 10:32:11.491093][info][source:lane][message:radius: 1.41255]
[2018-07-25 10:32:11.524224][info][source:lane][message:radius: 1.41255]
[2018-07-25 10:32:11.558824][info][source:lane][message:radius: 1.4151]
[2018-07-25 10:32:11.590277][info][source:lane][message:radius: 1.41324]
[2018-07-25 10:32:11.626499][info][source:lane][message:radius: 1.4107]
[2018-07-25 10:32:11.661642][info][source:lane][message:radius: 1.41139]
[2018-07-25 10:32:11.694695][info][source:lane][message:radius: 1.41209]
[2018-07-25 10:32:11.726664][info][source:lane][message:radius: 1.41395]
[2018-07-25 10:32:11.761992][info][source:lane][message:radius: 1.41395]
[2018-07-25 10:32:11.790279][info][source:lane][message:radius: 1.41209]
[2018-07-25 10:32:11.830554][info][source:lane][message:radius: 1.41024]
[2018-07-25 10:32:11.856976][info][source:lane][message:radius: 1.40954]
[2018-07-25 10:32:11.892395][info][source:lane][message:radius: 1.40699]
[2018-07-25 10:32:11.926013][info][source:lane][message:radius: 1.40954]
[2018-07-25 10:32:11.963199][info][source:lane][message:radius: 1.4077]
[2018-07-25 10:32:11.992022][info][source:lane][message:radius: 1.40585]
[2018-07-25 10:32:12.029589][info][source:lane][message:radius: 1.43114]
[2018-07-25 10:32:12.061063][info][source:lane][message:radius: 1.42859]
[2018-07-25 10:32:12.094473][info][source:lane][message:radius: 1.42859]
[2018-07-25 10:32:12.128016][info][source:lane][message:radius: 1.42674]
[2018-07-25 10:32:12.156779][info][source:lane][message:radius: 1.42418]
[2018-07-25 10:32:12.194403][info][source:lane][message:radius: 1.44577]
[2018-07-25 10:32:12.224074][info][source:lane][message:radius: 1.46225]
[2018-07-25 10:32:12.260765][info][source:lane][message:radius: 1.48314]
[2018-07-25 10:32:12.293967][info][source:lane][message:radius: 1.49521]
[2018-07-25 10:32:12.324116][info][source:lane][message:radius: 1.50778]
[2018-07-25 10:32:12.360738][info][source:lane][message:radius: 1.51784]
[2018-07-25 10:32:12.389969][info][source:lane][message:radius: 1.52604]
[2018-07-25 10:32:12.429502][info][source:lane][message:radius: 1.53617]
[2018-07-25 10:32:12.460895][info][source:lane][message:radius: 1.54506]
[2018-07-25 10:32:12.493210][info][source:lane][message:radius: 1.55586]
[2018-07-25 10:32:12.526412][info][source:lane][message:radius: 1.56668]
[2018-07-25 10:32:12.560734][info][source:lane][message:radius: 1.57499]
[2018-07-25 10:32:12.593111][info][source:lane][message:radius: 1.57691]
[2018-07-25 10:32:12.623903][info][source:lane][message:radius: 1.57823]
[2018-07-25 10:32:12.661026][info][source:lane][message:radius: 1.58017]
[2018-07-25 10:32:12.691153][info][source:lane][message:radius: 1.58911]
[2018-07-25 10:32:12.727272][info][source:lane][message:radius: 1.59299]
[2018-07-25 10:32:12.761405][info][source:lane][message:radius: 1.59941]
[2018-07-25 10:32:12.793676][info][source:lane][message:radius: 1.60136]
[2018-07-25 10:32:12.824543][info][source:lane][message:radius: 1.5963]
[2018-07-25 10:32:12.860174][info][source:lane][message:radius: 1.59377]
[2018-07-25 10:32:12.893364][info][source:lane][message:radius: 1.59572]
[2018-07-25 10:32:12.927827][info][source:lane][message:radius: 1.59824]
[2018-07-25 10:32:12.958214][info][source:lane][message:radius: 1.59571]
[2018-07-25 10:32:12.993684][info][source:lane][message:radius: 1.59261]
[2018-07-25 10:32:13.024727][info][source:lane][message:radius: 1.59008]
[2018-07-25 10:32:13.062328][info][source:lane][message:radius: 1.59261]
[2018-07-25 10:32:13.090532][info][source:lane][message:radius: 1.58558]
[2018-07-25 10:32:13.125786][info][source:lane][message:radius: 1.58052]
[2018-07-25 10:32:13.162192][info][source:lane][message:radius: 1.57799]
[2018-07-25 10:32:13.193492][info][source:lane][message:radius: 1.57798]
[2018-07-25 10:32:13.223506][info][source:lane][message:radius: 1.57995]
[2018-07-25 10:32:13.263028][info][source:lane][message:radius: 1.57741]
[2018-07-25 10:32:13.289477][info][source:lane][message:radius: 1.57487]
[2018-07-25 10:32:13.322917][info][source:lane][message:radius: 1.57176]
[2018-07-25 10:32:13.358750][info][source:lane][message:radius: 1.56921]
[2018-07-25 10:32:13.393506][info][source:lane][message:radius: 1.57174]
[2018-07-25 10:32:13.423925][info][source:lane][message:radius: 1.57568]
[2018-07-25 10:32:13.461429][info][source:lane][message:radius: 1.58019]
[2018-07-25 10:32:13.491476][info][source:lane][message:radius: 1.57766]
[2018-07-25 10:32:13.528348][info][source:lane][message:radius: 1.57316]
[2018-07-25 10:32:13.561933][info][source:lane][message:radius: 1.56615]
[2018-07-25 10:32:13.590171][info][source:lane][message:radius: 1.56868]
[2018-07-25 10:32:13.627394][info][source:lane][message:radius: 1.57319]
[2018-07-25 10:32:13.661345][info][source:lane][message:radius: 1.58021]
[2018-07-25 10:32:13.690365][info][source:lane][message:radius: 1.58923]
[2018-07-25 10:32:13.726773][info][source:lane][message:radius: 1.58922]
[2018-07-25 10:32:13.756073][info][source:lane][message:radius: 1.58418]
[2018-07-25 10:32:13.791599][info][source:lane][message:radius: 1.56421]
[2018-07-25 10:32:13.823918][info][source:lane][message:radius: 1.53977]
[2018-07-25 10:32:13.855605][info][source:lane][message:radius: 1.53723]
[2018-07-25 10:32:13.891945][info][source:lane][message:radius: 1.53723]
[2018-07-25 10:32:13.923944][info][source:lane][message:radius: 1.53723]
[2018-07-25 10:32:13.960062][info][source:lane][message:radius: 1.53723]
[2018-07-25 10:32:13.994056][info][source:lane][message:radius: 1.53666]
[2018-07-25 10:32:14.023677][info][source:lane][message:radius: 1.53666]
[2018-07-25 10:32:14.060322][info][source:lane][message:radius: 1.53919]
[2018-07-25 10:32:14.093665][info][source:lane][message:radius: 1.53665]
[2018-07-25 10:32:14.123666][info][source:lane][message:radius: 1.54113]
[2018-07-25 10:32:14.157615][info][source:lane][message:radius: 1.55069]
[2018-07-25 10:32:14.192852][info][source:lane][message:radius: 1.5642]
[2018-07-25 10:32:14.227578][info][source:lane][message:radius: 1.57321]
[2018-07-25 10:32:14.255701][info][source:lane][message:radius: 1.58726]
[2018-07-25 10:32:14.291879][info][source:lane][message:radius: 1.59429]
[2018-07-25 10:32:14.322266][info][source:lane][message:radius: 1.60384]
[2018-07-25 10:32:14.358224][info][source:lane][message:radius: 1.61285]
[2018-07-25 10:32:14.394076][info][source:lane][message:radius: 1.6224]
[2018-07-25 10:32:14.422618][info][source:lane][message:radius: 1.62744]
[2018-07-25 10:32:14.460519][info][source:lane][message:radius: 1.63447]
[2018-07-25 10:32:14.493108][info][source:lane][message:radius: 1.63898]
[2018-07-25 10:32:14.525626][info][source:lane][message:radius: 1.64654]
[2018-07-25 10:32:14.558508][info][source:lane][message:radius: 1.64654]
[2018-07-25 10:32:14.594270][info][source:lane][message:radius: 1.65159]
[2018-07-25 10:32:14.624270][info][source:lane][message:radius: 1.64511]
[2018-07-25 10:32:14.659967][info][source:lane][message:radius: 1.64314]
[2018-07-25 10:32:14.690307][info][source:lane][message:radius: 1.64623]
[2018-07-25 10:32:14.728154][info][source:lane][message:radius: 1.64931]
[2018-07-25 10:32:14.758817][info][source:lane][message:radius: 1.64988]
[2018-07-25 10:32:14.791285][info][source:lane][message:radius: 1.65298]
[2018-07-25 10:32:14.824299][info][source:lane][message:radius: 1.65608]
[2018-07-25 10:32:14.860328][info][source:lane][message:radius: 1.65919]
[2018-07-25 10:32:14.890801][info][source:lane][message:radius: 1.6623]
[2018-07-25 10:32:14.926293][info][source:lane][message:radius: 1.66542]
[2018-07-25 10:32:14.957490][info][source:lane][message:radius: 1.66601]
[2018-07-25 10:32:14.994317][info][source:lane][message:radius: 1.66661]
[2018-07-25 10:32:15.023799][info][source:lane][message:radius: 1.66781]
[2018-07-25 10:32:15.060836][info][source:lane][message:radius: 1.66588]
[2018-07-25 10:32:15.094830][info][source:lane][message:radius: 1.66456]
[2018-07-25 10:32:15.122916][info][source:lane][message:radius: 1.66134]
[2018-07-25 10:32:15.160876][info][source:lane][message:radius: 1.66006]
[2018-07-25 10:32:15.193880][info][source:lane][message:radius: 1.65116]
[2018-07-25 10:32:15.222607][info][source:lane][message:radius: 1.64291]
[2018-07-25 10:32:15.257791][info][source:lane][message:radius: 1.63403]
[2018-07-25 10:32:15.293007][info][source:lane][message:radius: 1.62581]
[2018-07-25 10:32:15.326564][info][source:lane][message:radius: 1.61761]
[2018-07-25 10:32:15.356841][info][source:lane][message:radius: 1.60621]
[2018-07-25 10:32:15.393955][info][source:lane][message:radius: 1.59549]
[2018-07-25 10:32:15.423126][info][source:lane][message:radius: 1.5841]
[2018-07-25 10:32:15.461229][info][source:lane][message:radius: 1.57527]
[2018-07-25 10:32:15.491204][info][source:lane][message:radius: 1.5632]
[2018-07-25 10:32:15.527595][info][source:lane][message:radius: 1.55369]
[2018-07-25 10:32:15.556870][info][source:lane][message:radius: 1.54231]
[2018-07-25 10:32:15.590324][info][source:lane][message:radius: 1.53466]
[2018-07-25 10:32:15.625907][info][source:lane][message:radius: 1.52514]
[2018-07-25 10:32:15.660635][info][source:lane][message:radius: 1.50056]
[2018-07-25 10:32:15.693426][info][source:lane][message:radius: 1.49545]
[2018-07-25 10:32:15.728055][info][source:lane][message:radius: 1.47601]
[2018-07-25 10:32:15.756691][info][source:lane][message:radius: 1.47345]
[2018-07-25 10:32:15.792726][info][source:lane][message:radius: 1.44822]
[2018-07-25 10:32:15.826047][info][source:lane][message:radius: 1.44749]
[2018-07-25 10:32:15.857616][info][source:lane][message:radius: 1.45005]
[2018-07-25 10:32:15.894587][info][source:lane][message:radius: 1.44933]
[2018-07-25 10:32:15.923789][info][source:lane][message:radius: 1.44861]
[2018-07-25 10:32:15.961413][info][source:lane][message:radius: 1.44861]
[2018-07-25 10:32:15.989383][info][source:lane][message:radius: 1.44789]
[2018-07-25 10:32:16.026093][info][source:lane][message:radius: 1.44789]
[2018-07-25 10:32:16.056921][info][source:lane][message:radius: 1.44789]
[2018-07-25 10:32:16.095225][info][source:lane][message:radius: 1.44463]
[2018-07-25 10:32:16.127545][info][source:lane][message:radius: 1.44463]
[2018-07-25 10:32:16.156210][info][source:lane][message:radius: 1.44463]
[2018-07-25 10:32:16.193952][info][source:lane][message:radius: 1.44463]
[2018-07-25 10:32:16.223308][info][source:lane][message:radius: 1.44207]
[2018-07-25 10:32:16.258510][info][source:lane][message:radius: 1.44278]
[2018-07-25 10:32:16.293025][info][source:lane][message:radius: 1.44023]
[2018-07-25 10:32:16.326246][info][source:lane][message:radius: 1.44094]
[2018-07-25 10:32:16.356181][info][source:lane][message:radius: 1.44094]
[2018-07-25 10:32:16.393062][info][source:lane][message:radius: 1.44421]
[2018-07-25 10:32:16.423660][info][source:lane][message:radius: 1.44677]
[2018-07-25 10:32:16.460661][info][source:lane][message:radius: 1.45005]
[2018-07-25 10:32:16.489307][info][source:lane][message:radius: 1.45261]
[2018-07-25 10:32:16.527071][info][source:lane][message:radius: 1.4559]
[2018-07-25 10:32:16.556966][info][source:lane][message:radius: 1.45845]
[2018-07-25 10:32:16.594092][info][source:lane][message:radius: 1.46175]
[2018-07-25 10:32:16.622572][info][source:lane][message:radius: 1.46431]
[2018-07-25 10:32:16.660673][info][source:lane][message:radius: 1.46686]
[2018-07-25 10:32:16.695034][info][source:lane][message:radius: 1.46942]
[2018-07-25 10:32:16.722598][info][source:lane][message:radius: 1.47198]
[2018-07-25 10:32:16.760413][info][source:lane][message:radius: 1.47454]
[2018-07-25 10:32:16.794760][info][source:lane][message:radius: 1.4771]
[2018-07-25 10:32:16.823055][info][source:lane][message:radius: 1.47966]
[2018-07-25 10:32:16.859921][info][source:lane][message:radius: 1.47966]
[2018-07-25 10:32:16.889284][info][source:lane][message:radius: 1.48222]
[2018-07-25 10:32:16.927158][info][source:lane][message:radius: 1.48222]
[2018-07-25 10:32:16.960967][info][source:lane][message:radius: 1.48478]
[2018-07-25 10:32:16.992824][info][source:lane][message:radius: 1.48478]
[2018-07-25 10:32:17.026090][info][source:lane][message:radius: 1.48734]
[2018-07-25 10:32:17.057317][info][source:lane][message:radius: 1.48734]
[2018-07-25 10:32:17.093364][info][source:lane][message:radius: 1.48916]
[2018-07-25 10:32:17.125479][info][source:lane][message:radius: 1.48916]
[2018-07-25 10:32:17.155894][info][source:lane][message:radius: 1.49172]
[2018-07-25 10:32:17.193754][info][source:lane][message:radius: 1.49428]
[2018-07-25 10:32:17.222205][info][source:lane][message:radius: 1.49428]
[2018-07-25 10:32:17.259509][info][source:lane][message:radius: 1.49684]
[2018-07-25 10:32:17.289712][info][source:lane][message:radius: 1.49684]
[2018-07-25 10:32:17.326672][info][source:lane][message:radius: 1.4961]
[2018-07-25 10:32:17.360365][info][source:lane][message:radius: 1.49866]
[2018-07-25 10:32:17.394675][info][source:lane][message:radius: 1.49866]
[2018-07-25 10:32:17.423682][info][source:lane][message:radius: 1.50122]
[2018-07-25 10:32:17.460062][info][source:lane][message:radius: 1.50122]
[2018-07-25 10:32:17.491036][info][source:lane][message:radius: 1.50122]
[2018-07-25 10:32:17.526374][info][source:lane][message:radius: 1.50378]
[2018-07-25 10:32:17.558201][info][source:lane][message:radius: 1.50378]
[2018-07-25 10:32:17.595247][info][source:lane][message:radius: 1.50378]
[2018-07-25 10:32:17.628622][info][source:lane][message:radius: 1.50634]
[2018-07-25 10:32:17.658871][info][source:lane][message:radius: 1.50634]
[2018-07-25 10:32:17.691586][info][source:lane][message:radius: 1.50634]
[2018-07-25 10:32:17.725800][info][source:lane][message:radius: 1.50634]
[2018-07-25 10:32:17.759139][info][source:lane][message:radius: 1.50634]
[2018-07-25 10:32:17.793092][info][source:lane][message:radius: 1.5089]
[2018-07-25 10:32:17.822916][info][source:lane][message:radius: 1.5089]
[2018-07-25 10:32:17.859001][info][source:lane][message:radius: 1.50816]
[2018-07-25 10:32:17.891858][info][source:lane][message:radius: 1.50816]
[2018-07-25 10:32:17.927255][info][source:lane][message:radius: 1.50816]
[2018-07-25 10:32:17.955657][info][source:lane][message:radius: 1.51072]
[2018-07-25 10:32:17.992543][info][source:lane][message:radius: 1.51072]
[2018-07-25 10:32:18.024051][info][source:lane][message:radius: 1.51072]
[2018-07-25 10:32:18.062164][info][source:lane][message:radius: 1.51072]
[2018-07-25 10:32:18.089059][info][source:lane][message:radius: 1.51072]
[2018-07-25 10:32:18.126485][info][source:lane][message:radius: 1.51328]
[2018-07-25 10:32:18.158981][info][source:lane][message:radius: 1.51328]
[2018-07-25 10:32:18.191424][info][source:lane][message:radius: 1.51328]
[2018-07-25 10:32:18.227405][info][source:lane][message:radius: 1.51328]
[2018-07-25 10:32:18.256365][info][source:lane][message:radius: 1.51328]
[2018-07-25 10:32:18.292369][info][source:lane][message:radius: 1.51584]
[2018-07-25 10:32:18.328093][info][source:lane][message:radius: 1.5151]
[2018-07-25 10:32:18.359029][info][source:lane][message:radius: 1.5151]
[2018-07-25 10:32:18.390312][info][source:lane][message:radius: 1.5151]
[2018-07-25 10:32:18.426774][info][source:lane][message:radius: 1.51766]
[2018-07-25 10:32:18.455398][info][source:lane][message:radius: 1.51766]
[2018-07-25 10:32:18.493595][info][source:lane][message:radius: 1.51766]
[2018-07-25 10:32:18.522046][info][source:lane][message:radius: 1.52022]
[2018-07-25 10:32:18.560124][info][source:lane][message:radius: 1.52022]
[2018-07-25 10:32:18.594731][info][source:lane][message:radius: 1.52022]
[2018-07-25 10:32:18.623911][info][source:lane][message:radius: 1.52204]
[2018-07-25 10:32:18.659835][info][source:lane][message:radius: 1.52204]
[2018-07-25 10:32:18.689400][info][source:lane][message:radius: 1.5246]
[2018-07-25 10:32:18.725467][info][source:lane][message:radius: 1.5246]
[2018-07-25 10:32:18.758634][info][source:lane][message:radius: 1.52716]
[2018-07-25 10:32:18.790070][info][source:lane][message:radius: 1.52716]
[2018-07-25 10:32:18.825478][info][source:lane][message:radius: 1.52643]
[2018-07-25 10:32:18.857008][info][source:lane][message:radius: 1.52899]
[2018-07-25 10:32:18.892895][info][source:lane][message:radius: 1.52899]
[2018-07-25 10:32:18.924983][info][source:lane][message:radius: 1.52899]
[2018-07-25 10:32:18.959821][info][source:lane][message:radius: 1.52899]
[2018-07-25 10:32:18.990035][info][source:lane][message:radius: 1.53154]
[2018-07-25 10:32:19.022507][info][source:lane][message:radius: 1.53154]
[2018-07-25 10:32:19.058754][info][source:lane][message:radius: 1.53154]
[2018-07-25 10:32:19.091478][info][source:lane][message:radius: 1.53154]
[2018-07-25 10:32:19.127115][info][source:lane][message:radius: 1.5341]
[2018-07-25 10:32:19.155901][info][source:lane][message:radius: 1.53337]
[2018-07-25 10:32:19.193818][info][source:lane][message:radius: 1.53337]
[2018-07-25 10:32:19.224408][info][source:lane][message:radius: 1.53337]
[2018-07-25 10:32:19.259509][info][source:lane][message:radius: 1.53338]
[2018-07-25 10:32:19.293772][info][source:lane][message:radius: 1.53337]
[2018-07-25 10:32:19.321865][info][source:lane][message:radius: 1.53337]
[2018-07-25 10:32:19.358442][info][source:lane][message:radius: 1.53338]
[2018-07-25 10:32:19.388639][info][source:lane][message:radius: 1.53593]
[2018-07-25 10:32:19.426705][info][source:lane][message:radius: 1.53593]
[2018-07-25 10:32:19.455882][info][source:lane][message:radius: 1.53593]
[2018-07-25 10:32:19.493006][info][source:lane][message:radius: 1.53593]
[2018-07-25 10:32:19.524320][info][source:lane][message:radius: 1.53593]
[2018-07-25 10:32:19.561121][info][source:lane][message:radius: 1.53593]
[2018-07-25 10:32:19.589233][info][source:lane][message:radius: 1.53593]
[2018-07-25 10:32:19.625580][info][source:lane][message:radius: 1.53593]
[2018-07-25 10:32:19.656139][info][source:lane][message:radius: 1.53593]
[2018-07-25 10:32:19.694389][info][source:lane][message:radius: 1.53593]
[2018-07-25 10:32:19.725449][info][source:lane][message:radius: 1.53593]
[2018-07-25 10:32:19.754967][info][source:lane][message:radius: 1.53593]
[2018-07-25 10:32:19.792599][info][source:lane][message:radius: 1.53521]
[2018-07-25 10:32:19.823859][info][source:lane][message:radius: 1.53521]
[2018-07-25 10:32:19.859404][info][source:lane][message:radius: 1.53521]
[2018-07-25 10:32:19.891096][info][source:lane][message:radius: 1.53776]
[2018-07-25 10:32:19.927431][info][source:lane][message:radius: 1.53776]
[2018-07-25 10:32:19.956888][info][source:lane][message:radius: 1.53776]
[2018-07-25 10:32:19.991585][info][source:lane][message:radius: 1.53776]
[2018-07-25 10:32:20.025155][info][source:lane][message:radius: 1.53776]
[2018-07-25 10:32:20.058114][info][source:lane][message:radius: 1.53776]
[2018-07-25 10:32:20.089753][info][source:lane][message:radius: 1.53776]
[2018-07-25 10:32:20.124003][info][source:lane][message:radius: 1.53776]
[2018-07-25 10:32:20.158868][info][source:lane][message:radius: 1.53776]
[2018-07-25 10:32:20.188958][info][source:lane][message:radius: 1.53776]
[2018-07-25 10:32:20.225780][info][source:lane][message:radius: 1.53776]
[2018-07-25 10:32:20.255039][info][source:lane][message:radius: 1.53776]
[2018-07-25 10:32:20.292640][info][source:lane][message:radius: 1.54032]
[2018-07-25 10:32:20.327416][info][source:lane][message:radius: 1.54032]
[2018-07-25 10:32:20.356199][info][source:lane][message:radius: 1.54032]
[2018-07-25 10:32:20.393678][info][source:lane][message:radius: 1.54032]
[2018-07-25 10:32:20.427329][info][source:lane][message:radius: 1.54032]
[2018-07-25 10:32:20.457565][info][source:lane][message:radius: 1.5396]
[2018-07-25 10:32:20.490048][info][source:lane][message:radius: 1.5396]
[2018-07-25 10:32:20.524104][info][source:lane][message:radius: 1.54216]
[2018-07-25 10:32:20.557846][info][source:lane][message:radius: 1.54216]
[2018-07-25 10:32:20.589881][info][source:lane][message:radius: 1.54216]
[2018-07-25 10:32:20.627556][info][source:lane][message:radius: 1.54471]
[2018-07-25 10:32:20.656176][info][source:lane][message:radius: 1.54471]
[2018-07-25 10:32:20.692652][info][source:lane][message:radius: 1.54727]
[2018-07-25 10:32:20.722752][info][source:lane][message:radius: 1.54655]
[2018-07-25 10:32:20.758730][info][source:lane][message:radius: 1.54655]
[2018-07-25 10:32:20.790318][info][source:lane][message:radius: 1.5491]
[2018-07-25 10:32:20.823623][info][source:lane][message:radius: 1.5491]
[2018-07-25 10:32:20.859913][info][source:lane][message:radius: 1.55094]
[2018-07-25 10:32:20.890374][info][source:lane][message:radius: 1.55094]
[2018-07-25 10:32:20.926580][info][source:lane][message:radius: 1.55094]
[2018-07-25 10:32:20.955274][info][source:lane][message:radius: 1.5535]
[2018-07-25 10:32:20.988683][info][source:lane][message:radius: 1.55278]
[2018-07-25 10:32:21.025423][info][source:lane][message:radius: 1.55278]
[2018-07-25 10:32:21.060080][info][source:lane][message:radius: 1.55534]
[2018-07-25 10:32:21.095116][info][source:lane][message:radius: 1.55534]
[2018-07-25 10:32:21.127220][info][source:lane][message:radius: 1.55534]
[2018-07-25 10:32:21.156158][info][source:lane][message:radius: 1.55534]
[2018-07-25 10:32:21.193137][info][source:lane][message:radius: 1.55534]
[2018-07-25 10:32:21.226905][info][source:lane][message:radius: 1.55789]
[2018-07-25 10:32:21.258291][info][source:lane][message:radius: 1.55789]
[2018-07-25 10:32:21.290408][info][source:lane][message:radius: 1.55718]
[2018-07-25 10:32:21.326964][info][source:lane][message:radius: 1.55974]
[2018-07-25 10:32:21.355022][info][source:lane][message:radius: 1.56158]
[2018-07-25 10:32:21.390679][info][source:lane][message:radius: 1.56088]
[2018-07-25 10:32:21.423577][info][source:lane][message:radius: 1.56158]
[2018-07-25 10:32:21.461014][info][source:lane][message:radius: 1.55577]
[2018-07-25 10:32:21.488382][info][source:lane][message:radius: 1.54115]
[2018-07-25 10:32:21.525342][info][source:lane][message:radius: 1.52468]
[2018-07-25 10:32:21.559056][info][source:lane][message:radius: 1.50311]
[2018-07-25 10:32:21.590046][info][source:lane][message:radius: 1.48153]
[2018-07-25 10:32:21.627389][info][source:lane][message:radius: 1.47131]
[2018-07-25 10:32:21.657508][info][source:lane][message:radius: 1.45854]
[2018-07-25 10:32:21.690760][info][source:lane][message:radius: 1.43952]
[2018-07-25 10:32:21.722420][info][source:lane][message:radius: 1.41793]
[2018-07-25 10:32:21.757486][info][source:lane][message:radius: 1.40146]
[2018-07-25 10:32:21.788194][info][source:lane][message:radius: 1.38755]
[2018-07-25 10:32:21.827635][info][source:lane][message:radius: 1.3762]
[2018-07-25 10:32:21.855569][info][source:lane][message:radius: 1.36668]
[2018-07-25 10:32:21.893135][info][source:lane][message:radius: 1.35973]
[2018-07-25 10:32:21.921805][info][source:lane][message:radius: 1.35277]
[2018-07-25 10:32:21.957198][info][source:lane][message:radius: 1.34837]
[2018-07-25 10:32:21.994371][info][source:lane][message:radius: 1.34324]
[2018-07-25 10:32:22.022144][info][source:lane][message:radius: 1.34139]
[2018-07-25 10:32:22.059226][info][source:lane][message:radius: 1.33882]
[2018-07-25 10:32:22.090493][info][source:lane][message:radius: 1.34063]
[2018-07-25 10:32:22.122871][info][source:lane][message:radius: 1.33805]
[2018-07-25 10:32:22.158174][info][source:lane][message:radius: 1.33802]
[2018-07-25 10:32:22.187926][info][source:lane][message:radius: 1.33727]
[2018-07-25 10:32:22.225242][info][source:lane][message:radius: 1.33724]
[2018-07-25 10:32:22.258088][info][source:lane][message:radius: 1.33721]
[2018-07-25 10:32:22.292392][info][source:lane][message:radius: 1.33717]
[2018-07-25 10:32:22.327649][info][source:lane][message:radius: 1.33642]
[2018-07-25 10:32:22.359603][info][source:lane][message:radius: 1.33637]
[2018-07-25 10:32:22.392631][info][source:lane][message:radius: 1.33632]
[2018-07-25 10:32:22.426579][info][source:lane][message:radius: 1.33626]
[2018-07-25 10:32:22.460299][info][source:lane][message:radius: 1.3362]
[2018-07-25 10:32:22.488111][info][source:lane][message:radius: 1.33613]
[2018-07-25 10:32:22.525728][info][source:lane][message:radius: 1.33604]
[2018-07-25 10:32:22.559410][info][source:lane][message:radius: 1.33595]
[2018-07-25 10:32:22.588023][info][source:lane][message:radius: 1.3333]
[2018-07-25 10:32:22.624963][info][source:lane][message:radius: 1.33574]
[2018-07-25 10:32:22.658016][info][source:lane][message:radius: 1.33494]
[2018-07-25 10:32:22.692425][info][source:lane][message:radius: 1.33739]
[2018-07-25 10:32:22.726259][info][source:lane][message:radius: 1.33657]
[2018-07-25 10:32:22.758529][info][source:lane][message:radius: 1.33641]
[2018-07-25 10:32:22.793181][info][source:lane][message:radius: 1.34159]
[2018-07-25 10:32:22.826881][info][source:lane][message:radius: 1.34087]
[2018-07-25 10:32:22.859682][info][source:lane][message:radius: 1.35172]
[2018-07-25 10:32:22.888050][info][source:lane][message:radius: 1.35791]
[2018-07-25 10:32:22.925769][info][source:lane][message:radius: 1.36372]
[2018-07-25 10:32:22.959095][info][source:lane][message:radius: 1.36818]
[2018-07-25 10:32:22.990030][info][source:lane][message:radius: 1.37079]
[2018-07-25 10:32:23.023693][info][source:lane][message:radius: 1.37078]
[2018-07-25 10:32:23.057842][info][source:lane][message:radius: 1.36882]
[2018-07-25 10:32:23.087951][info][source:lane][message:radius: 1.36165]
[2018-07-25 10:32:23.124087][info][source:lane][message:radius: 1.35557]
[2018-07-25 10:32:23.156984][info][source:lane][message:radius: 1.34595]
[2018-07-25 10:32:23.192293][info][source:lane][message:radius: 1.33183]
[2018-07-25 10:32:23.223644][info][source:lane][message:radius: 0.618685]
[2018-07-25 10:32:23.260494][info][source:lane][message:radius: -1.33529]
[2018-07-25 10:32:23.289944][info][source:lane][message:radius: -1.3205]
[2018-07-25 10:32:23.325016][info][source:lane][message:radius: -1.31012]
[2018-07-25 10:32:23.359374][info][source:lane][message:radius: -1.30363]
[2018-07-25 10:32:23.387838][info][source:lane][message:radius: -1.29719]
[2018-07-25 10:32:23.425906][info][source:lane][message:radius: -1.28642]
[2018-07-25 10:32:23.454162][info][source:lane][message:radius: -1.27313]
[2018-07-25 10:32:23.489929][info][source:lane][message:radius: -1.26256]
[2018-07-25 10:32:23.522790][info][source:lane][message:radius: -1.25204]
[2018-07-25 10:32:23.557177][info][source:lane][message:radius: -1.24511]
[2018-07-25 10:32:23.593007][info][source:lane][message:radius: -1.24333]
[2018-07-25 10:32:23.623182][info][source:lane][message:radius: -1.24076]
[2018-07-25 10:32:23.656633][info][source:lane][message:radius: -1.23641]
[2018-07-25 10:32:23.692908][info][source:lane][message:radius: -1.23382]
[2018-07-25 10:32:23.724890][info][source:lane][message:radius: -1.22772]
[2018-07-25 10:32:23.759087][info][source:lane][message:radius: -1.22081]
[2018-07-25 10:32:23.788280][info][source:lane][message:radius: -1.21647]
[2018-07-25 10:32:23.825083][info][source:lane][message:radius: -1.207]
[2018-07-25 10:32:23.859435][info][source:lane][message:radius: -1.20351]
[2018-07-25 10:32:23.889985][info][source:lane][message:radius: -1.20093]
[2018-07-25 10:32:23.924881][info][source:lane][message:radius: -1.20093]
[2018-07-25 10:32:23.958873][info][source:lane][message:radius: -1.18973]
[2018-07-25 10:32:23.989969][info][source:lane][message:radius: -1.188]
[2018-07-25 10:32:24.023068][info][source:lane][message:radius: -1.18627]
[2018-07-25 10:32:24.059839][info][source:lane][message:radius: -1.17939]
[2018-07-25 10:32:24.090388][info][source:lane][message:radius: -1.17682]
[2018-07-25 10:32:24.122417][info][source:lane][message:radius: -1.16994]
[2018-07-25 10:32:24.159218][info][source:lane][message:radius: -1.16736]
[2018-07-25 10:32:24.188988][info][source:lane][message:radius: -1.16307]
[2018-07-25 10:32:24.222120][info][source:lane][message:radius: -1.16564]
[2018-07-25 10:32:24.255554][info][source:lane][message:radius: -1.16736]
[2018-07-25 10:32:24.292116][info][source:lane][message:radius: -1.17596]
[2018-07-25 10:32:24.323020][info][source:lane][message:radius: -1.18542]
[2018-07-25 10:32:24.355654][info][source:lane][message:radius: -1.19146]
[2018-07-25 10:32:24.391907][info][source:lane][message:radius: -1.19919]
[2018-07-25 10:32:24.422807][info][source:lane][message:radius: -1.20351]
[2018-07-25 10:32:24.459524][info][source:lane][message:radius: -1.21042]
[2018-07-25 10:32:24.489600][info][source:lane][message:radius: -1.21732]
[2018-07-25 10:32:24.524542][info][source:lane][message:radius: -1.22167]
[2018-07-25 10:32:24.558724][info][source:lane][message:radius: -1.22858]
[2018-07-25 10:32:24.588801][info][source:lane][message:radius: -1.23467]
[2018-07-25 10:32:24.626197][info][source:lane][message:radius: -1.24254]
[2018-07-25 10:32:24.658402][info][source:lane][message:radius: -1.24429]
[2018-07-25 10:32:24.691044][info][source:lane][message:radius: -1.24526]
[2018-07-25 10:32:24.722202][info][source:lane][message:radius: -1.24087]
[2018-07-25 10:32:24.756829][info][source:lane][message:radius: -1.24186]
[2018-07-25 10:32:24.793511][info][source:lane][message:radius: -1.24364]
[2018-07-25 10:32:24.821547][info][source:lane][message:radius: -1.24362]
[2018-07-25 10:32:24.856964][info][source:lane][message:radius: -1.24541]
[2018-07-25 10:32:24.890085][info][source:lane][message:radius: -1.24719]
[2018-07-25 10:32:24.923991][info][source:lane][message:radius: -1.25156]
[2018-07-25 10:32:24.958041][info][source:lane][message:radius: -1.25155]
[2018-07-25 10:32:24.988003][info][source:lane][message:radius: -1.25335]
[2018-07-25 10:32:25.026745][info][source:lane][message:radius: -1.25515]
[2018-07-25 10:32:25.054180][info][source:lane][message:radius: -1.25258]
[2018-07-25 10:32:25.091871][info][source:lane][message:radius: -1.25952]
[2018-07-25 10:32:25.126919][info][source:lane][message:radius: -1.26314]
[2018-07-25 10:32:25.158112][info][source:lane][message:radius: -1.26828]
[2018-07-25 10:32:25.188227][info][source:lane][message:radius: -1.26753]
[2018-07-25 10:32:25.226564][info][source:lane][message:radius: -1.27009]
[2018-07-25 10:32:25.258422][info][source:lane][message:radius: -1.26132]
[2018-07-25 10:32:25.289189][info][source:lane][message:radius: -1.25619]
[2018-07-25 10:32:25.325107][info][source:lane][message:radius: -1.24924]
[2018-07-25 10:32:25.359495][info][source:lane][message:radius: -1.24743]
[2018-07-25 10:32:25.388820][info][source:lane][message:radius: -1.24487]
[2018-07-25 10:32:25.424628][info][source:lane][message:radius: -1.2405]
[2018-07-25 10:32:25.455448][info][source:lane][message:radius: -1.24306]
[2018-07-25 10:32:25.487500][info][source:lane][message:radius: -1.24744]
[2018-07-25 10:32:25.523772][info][source:lane][message:radius: -1.25001]
[2018-07-25 10:32:25.558579][info][source:lane][message:radius: -1.25438]
[2018-07-25 10:32:25.588477][info][source:lane][message:radius: -1.25771]
[2018-07-25 10:32:25.627049][info][source:lane][message:radius: -1.26647]
[2018-07-25 10:32:25.654823][info][source:lane][message:radius: -1.27599]
[2018-07-25 10:32:25.694986][info][source:lane][message:radius: -1.28477]
[2018-07-25 10:32:25.722669][info][source:lane][message:radius: -1.29616]
[2018-07-25 10:32:25.760239][info][source:lane][message:radius: -1.30759]
[2018-07-25 10:32:25.788709][info][source:lane][message:radius: -1.31205]
[2018-07-25 10:32:25.825225][info][source:lane][message:radius: -1.31385]
[2018-07-25 10:32:25.855587][info][source:lane][message:radius: -1.3138]
[2018-07-25 10:32:25.893706][info][source:lane][message:radius: -1.30159]
[2018-07-25 10:32:25.920799][info][source:lane][message:radius: -1.28945]
[2018-07-25 10:32:25.958851][info][source:lane][message:radius: -1.28141]
[2018-07-25 10:32:25.992557][info][source:lane][message:radius: -1.27703]
[2018-07-25 10:32:26.026724][info][source:lane][message:radius: -1.28399]
[2018-07-25 10:32:26.056222][info][source:lane][message:radius: -1.28325]
[2018-07-25 10:32:26.090939][info][source:lane][message:radius: -1.28838]
[2018-07-25 10:32:26.123396][info][source:lane][message:radius: -1.29461]
[2018-07-25 10:32:26.156406][info][source:lane][message:radius: -1.30342]
[2018-07-25 10:32:26.192661][info][source:lane][message:radius: -1.29902]
[2018-07-25 10:32:26.222358][info][source:lane][message:radius: -1.30159]
[2018-07-25 10:32:26.256507][info][source:lane][message:radius: -1.30343]
[2018-07-25 10:32:26.290380][info][source:lane][message:radius: -1.30785]
[2018-07-25 10:32:26.322252][info][source:lane][message:radius: -1.31043]
[2018-07-25 10:32:26.355671][info][source:lane][message:radius: -1.31486]
[2018-07-25 10:32:26.391605][info][source:lane][message:radius: -1.31748]
[2018-07-25 10:32:26.424683][info][source:lane][message:radius: -1.32567]
[2018-07-25 10:32:26.458196][info][source:lane][message:radius: -1.33277]
[2018-07-25 10:32:26.492291][info][source:lane][message:radius: 1.34454]
[2018-07-25 10:32:26.522053][info][source:lane][message:radius: 1.34637]
[2018-07-25 10:32:26.559152][info][source:lane][message:radius: 1.35333]
[2018-07-25 10:32:26.592643][info][source:lane][message:radius: 1.37288]
[2018-07-25 10:32:26.622421][info][source:lane][message:radius: 1.39722]
[2018-07-25 10:32:26.656826][info][source:lane][message:radius: 1.38141]
[2018-07-25 10:32:26.692931][info][source:lane][message:radius: 1.39467]
[2018-07-25 10:32:26.720774][info][source:lane][message:radius: 1.39724]
[2018-07-25 10:32:26.756250][info][source:lane][message:radius: 1.40165]
[2018-07-25 10:32:26.792020][info][source:lane][message:radius: 1.39723]
[2018-07-25 10:32:26.826671][info][source:lane][message:radius: 1.38957]
[2018-07-25 10:32:26.854023][info][source:lane][message:radius: 1.37744]
[2018-07-25 10:32:26.892202][info][source:lane][message:radius: 1.36698]
[2018-07-25 10:32:26.922732][info][source:lane][message:radius: 1.35718]
[2018-07-25 10:32:26.956070][info][source:lane][message:radius: -1.34359]
[2018-07-25 10:32:26.992078][info][source:lane][message:radius: -1.32954]
[2018-07-25 10:32:27.022433][info][source:lane][message:radius: -1.31928]
[2018-07-25 10:32:27.056476][info][source:lane][message:radius: -1.3314]
[2018-07-25 10:32:27.089545][info][source:lane][message:radius: -1.33725]
[2018-07-25 10:32:27.122273][info][source:lane][message:radius: -1.33547]
[2018-07-25 10:32:27.158702][info][source:lane][message:radius: -1.34339]
[2018-07-25 10:32:27.190319][info][source:lane][message:radius: 1.34871]
[2018-07-25 10:32:27.224451][info][source:lane][message:radius: 1.3446]
[2018-07-25 10:32:27.257834][info][source:lane][message:radius: 1.35593]
[2018-07-25 10:32:27.291628][info][source:lane][message:radius: 1.36292]
[2018-07-25 10:32:27.323893][info][source:lane][message:radius: 1.36111]
[2018-07-25 10:32:27.357798][info][source:lane][message:radius: 1.35674]
[2018-07-25 10:32:27.392460][info][source:lane][message:radius: 1.36373]
[2018-07-25 10:32:27.422416][info][source:lane][message:radius: 1.36631]
[2018-07-25 10:32:27.455554][info][source:lane][message:radius: 1.36631]
[2018-07-25 10:32:27.490259][info][source:lane][message:radius: 1.36191]
[2018-07-25 10:32:27.522974][info][source:lane][message:radius: 1.3663]
[2018-07-25 10:32:27.557072][info][source:lane][message:radius: 1.36628]
[2018-07-25 10:32:27.591290][info][source:lane][message:radius: 1.37001]
[2018-07-25 10:32:27.623764][info][source:lane][message:radius: 1.37513]
[2018-07-25 10:32:27.654736][info][source:lane][message:radius: 1.37441]
[2018-07-25 10:32:27.691684][info][source:lane][message:radius: 1.37181]
[2018-07-25 10:32:27.724477][info][source:lane][message:radius: 1.36997]
[2018-07-25 10:32:27.757500][info][source:lane][message:radius: 1.37068]
[2018-07-25 10:32:27.790222][info][source:lane][message:radius: 1.37254]
[2018-07-25 10:32:27.822101][info][source:lane][message:radius: 1.37181]
[2018-07-25 10:32:27.857583][info][source:lane][message:radius: 1.37345]
[2018-07-25 10:32:27.891089][info][source:lane][message:radius: 1.37358]
[2018-07-25 10:32:27.920873][info][source:lane][message:radius: 1.36511]
[2018-07-25 10:32:27.954918][info][source:lane][message:radius: 1.35108]
[2018-07-25 10:32:27.986888][info][source:lane][message:radius: -1.32945]
[2018-07-25 10:32:28.022826][info][source:lane][message:radius: -1.31109]
[2018-07-25 10:32:28.057775][info][source:lane][message:radius: -1.29275]
[2018-07-25 10:32:28.089072][info][source:lane][message:radius: -1.28393]
[2018-07-25 10:32:28.126416][info][source:lane][message:radius: -1.28209]
[2018-07-25 10:32:28.154578][info][source:lane][message:radius: -1.28323]
[2018-07-25 10:32:28.191339][info][source:lane][message:radius: -1.28508]
[2018-07-25 10:32:28.225915][info][source:lane][message:radius: -1.27997]
[2018-07-25 10:32:28.258077][info][source:lane][message:radius: -1.27556]
[2018-07-25 10:32:28.290438][info][source:lane][message:radius: -1.273]
[2018-07-25 10:32:28.322151][info][source:lane][message:radius: -1.27556]
[2018-07-25 10:32:28.356630][info][source:lane][message:radius: -1.27741]
[2018-07-25 10:32:28.392132][info][source:lane][message:radius: -1.27741]
[2018-07-25 10:32:28.424962][info][source:lane][message:radius: -1.27672]
[2018-07-25 10:32:28.454727][info][source:lane][message:radius: -1.28044]
[2018-07-25 10:32:28.489978][info][source:lane][message:radius: -1.28419]
[2018-07-25 10:32:28.524172][info][source:lane][message:radius: -1.28794]
[2018-07-25 10:32:28.558778][info][source:lane][message:radius: -1.29171]
[2018-07-25 10:32:28.592239][info][source:lane][message:radius: -1.2936]
[2018-07-25 10:32:28.626025][info][source:lane][message:radius: -1.29803]
[2018-07-25 10:32:28.656106][info][source:lane][message:radius: -1.30247]
[2018-07-25 10:32:28.690888][info][source:lane][message:radius: -1.30627]
[2018-07-25 10:32:28.723017][info][source:lane][message:radius: -1.31326]
[2018-07-25 10:32:28.754734][info][source:lane][message:radius: -1.3177]
[2018-07-25 10:32:28.791081][info][source:lane][message:radius: -1.32215]
[2018-07-25 10:32:28.821144][info][source:lane][message:radius: -1.32914]
[2018-07-25 10:32:28.855410][info][source:lane][message:radius: -1.32723]
[2018-07-25 10:32:28.888148][info][source:lane][message:radius: -1.32787]
[2018-07-25 10:32:28.925970][info][source:lane][message:radius: -1.32787]
[2018-07-25 10:32:28.957052][info][source:lane][message:radius: -1.32851]
[2018-07-25 10:32:28.992047][info][source:lane][message:radius: -1.32916]
[2018-07-25 10:32:29.025481][info][source:lane][message:radius: -1.32916]
[2018-07-25 10:32:29.053975][info][source:lane][message:radius: -1.32981]
[2018-07-25 10:32:29.093331][info][source:lane][message:radius: -1.32982]
[2018-07-25 10:32:29.122561][info][source:lane][message:radius: -1.33236]
[2018-07-25 10:32:29.157632][info][source:lane][message:radius: -1.33302]
[2018-07-25 10:32:29.192742][info][source:lane][message:radius: -1.33302]
[2018-07-25 10:32:29.225293][info][source:lane][message:radius: -1.33302]
[2018-07-25 10:32:29.257713][info][source:lane][message:radius: -1.33368]
[2018-07-25 10:32:29.291555][info][source:lane][message:radius: -1.33368]
[2018-07-25 10:32:29.321263][info][source:lane][message:radius: -1.33368]
[2018-07-25 10:32:29.353510][info][source:lane][message:radius: -1.33114]
[2018-07-25 10:32:29.392530][info][source:lane][message:radius: -1.33114]
[2018-07-25 10:32:29.425077][info][source:lane][message:radius: -1.33114]
[2018-07-25 10:32:29.459201][info][source:lane][message:radius: -1.33114]
[2018-07-25 10:32:29.492457][info][source:lane][message:radius: -1.33114]
[2018-07-25 10:32:29.524955][info][source:lane][message:radius: -1.32859]
[2018-07-25 10:32:29.555077][info][source:lane][message:radius: -1.32926]
[2018-07-25 10:32:29.589092][info][source:lane][message:radius: -1.32671]
[2018-07-25 10:32:29.625729][info][source:lane][message:radius: -1.32671]
[2018-07-25 10:32:29.654716][info][source:lane][message:radius: -1.32671]
[2018-07-25 10:32:29.693031][info][source:lane][message:radius: -1.32416]
[2018-07-25 10:32:29.724725][info][source:lane][message:radius: -1.32416]
[2018-07-25 10:32:29.753512][info][source:lane][message:radius: -1.32416]
[2018-07-25 10:32:29.792621][info][source:lane][message:radius: -1.32228]
[2018-07-25 10:32:29.820024][info][source:lane][message:radius: -1.32228]
[2018-07-25 10:32:29.860279][info][source:lane][message:radius: -1.32228]
[2018-07-25 10:32:29.891065][info][source:lane][message:radius: -1.32228]
[2018-07-25 10:32:29.924891][info][source:lane][message:radius: -1.31973]
[2018-07-25 10:32:29.958365][info][source:lane][message:radius: -1.31973]
[2018-07-25 10:32:29.991740][info][source:lane][message:radius: -1.31973]
[2018-07-25 10:32:30.021353][info][source:lane][message:radius: -1.31973]
[2018-07-25 10:32:30.055679][info][source:lane][message:radius: -1.31785]
[2018-07-25 10:32:30.093125][info][source:lane][message:radius: -1.31785]
[2018-07-25 10:32:30.121758][info][source:lane][message:radius: -1.31786]
[2018-07-25 10:32:30.155233][info][source:lane][message:radius: -1.31786]
[2018-07-25 10:32:30.190708][info][source:lane][message:radius: -1.31853]
[2018-07-25 10:32:30.221634][info][source:lane][message:radius: -1.32108]
[2018-07-25 10:32:30.253411][info][source:lane][message:radius: -1.32108]
[2018-07-25 10:32:30.292160][info][source:lane][message:radius: -1.32108]
[2018-07-25 10:32:30.324743][info][source:lane][message:radius: -1.32108]
[2018-07-25 10:32:30.354044][info][source:lane][message:radius: -1.32109]
[2018-07-25 10:32:30.392754][info][source:lane][message:radius: -1.32109]
[2018-07-25 10:32:30.424336][info][source:lane][message:radius: -1.32177]
[2018-07-25 10:32:30.455709][info][source:lane][message:radius: -1.32177]
[2018-07-25 10:32:30.487692][info][source:lane][message:radius: -1.32177]
[2018-07-25 10:32:30.525309][info][source:lane][message:radius: -1.32177]
[2018-07-25 10:32:30.555308][info][source:lane][message:radius: -1.33061]
[2018-07-25 10:32:30.588595][info][source:lane][message:radius: -1.33436]
[2018-07-25 10:32:30.625104][info][source:lane][message:radius: -1.33879]
[2018-07-25 10:32:30.653048][info][source:lane][message:radius: -1.33879]
[2018-07-25 10:32:30.693206][info][source:lane][message:radius: -1.33691]
[2018-07-25 10:32:30.721905][info][source:lane][message:radius: -1.33436]
[2018-07-25 10:32:30.754605][info][source:lane][message:radius: -1.33436]
[2018-07-25 10:32:30.791358][info][source:lane][message:radius: -1.33879]
[2018-07-25 10:32:30.821846][info][source:lane][message:radius: -1.34255]
[2018-07-25 10:32:30.856288][info][source:lane][message:radius: -1.34444]
[2018-07-25 10:32:30.892431][info][source:lane][message:radius: -1.34379]
[2018-07-25 10:32:30.924782][info][source:lane][message:radius: -1.34568]
[2018-07-25 10:32:30.954207][info][source:lane][message:radius: -1.34504]
[2018-07-25 10:32:30.988515][info][source:lane][message:radius: -1.34249]
[2018-07-25 10:32:31.025447][info][source:lane][message:radius: -1.33995]
[2018-07-25 10:32:31.053182][info][source:lane][message:radius: -1.33486]
[2018-07-25 10:32:31.091656][info][source:lane][message:radius: -1.32978]
[2018-07-25 10:32:31.122995][info][source:lane][message:radius: -1.32025]
[2018-07-25 10:32:31.154429][info][source:lane][message:radius: -1.31326]
[2018-07-25 10:32:31.191097][info][source:lane][message:radius: -1.31072]
[2018-07-25 10:32:31.222805][info][source:lane][message:radius: -1.30119]
[2018-07-25 10:32:31.254951][info][source:lane][message:radius: -1.29929]
[2018-07-25 10:32:31.292389][info][source:lane][message:radius: -1.2923]
[2018-07-25 10:32:31.323052][info][source:lane][message:radius: -1.28786]
[2018-07-25 10:32:31.357044][info][source:lane][message:radius: -1.28342]
[2018-07-25 10:32:31.388442][info][source:lane][message:radius: -1.27833]
[2018-07-25 10:32:31.425253][info][source:lane][message:radius: -1.27644]
[2018-07-25 10:32:31.455283][info][source:lane][message:radius: -1.27389]
[2018-07-25 10:32:31.488628][info][source:lane][message:radius: -1.27455]
[2018-07-25 10:32:31.524109][info][source:lane][message:radius: -1.27455]
[2018-07-25 10:32:31.556921][info][source:lane][message:radius: -1.27521]
[2018-07-25 10:32:31.589774][info][source:lane][message:radius: -1.27011]
[2018-07-25 10:32:31.619812][info][source:lane][message:radius: -1.26568]
[2018-07-25 10:32:31.658496][info][source:lane][message:radius: -1.26125]
[2018-07-25 10:32:31.690959][info][source:lane][message:radius: -1.25683]
[2018-07-25 10:32:31.722182][info][source:lane][message:radius: -1.24985]
[2018-07-25 10:32:31.759687][info][source:lane][message:radius: -1.24798]
[2018-07-25 10:32:31.787458][info][source:lane][message:radius: -1.2461]
[2018-07-25 10:32:31.824031][info][source:lane][message:radius: -1.24169]
[2018-07-25 10:32:31.854520][info][source:lane][message:radius: -1.23914]
[2018-07-25 10:32:31.890280][info][source:lane][message:radius: -1.23472]
[2018-07-25 10:32:31.924456][info][source:lane][message:radius: -1.23285]
[2018-07-25 10:32:31.954651][info][source:lane][message:radius: -1.23285]
[2018-07-25 10:32:31.988685][info][source:lane][message:radius: -1.2303]
[2018-07-25 10:32:32.019713][info][source:lane][message:radius: -1.23099]
[2018-07-25 10:32:32.056332][info][source:lane][message:radius: -1.2303]
[2018-07-25 10:32:32.091047][info][source:lane][message:radius: -1.23286]
[2018-07-25 10:32:32.120737][info][source:lane][message:radius: -1.23541]
[2018-07-25 10:32:32.158776][info][source:lane][message:radius: -1.23541]
[2018-07-25 10:32:32.189612][info][source:lane][message:radius: -1.23796]
[2018-07-25 10:32:32.224633][info][source:lane][message:radius: -1.23982]
[2018-07-25 10:32:32.254292][info][source:lane][message:radius: -1.24237]
[2018-07-25 10:32:32.288869][info][source:lane][message:radius: -1.24492]
[2018-07-25 10:32:32.324132][info][source:lane][message:radius: -1.24679]
[2018-07-25 10:32:32.354955][info][source:lane][message:radius: -1.24934]
[2018-07-25 10:32:32.388735][info][source:lane][message:radius: -1.25444]
[2018-07-25 10:32:32.422031][info][source:lane][message:radius: -1.25631]
[2018-07-25 10:32:32.454033][info][source:lane][message:radius: -1.25886]
[2018-07-25 10:32:32.488190][info][source:lane][message:radius: -1.26073]
[2018-07-25 10:32:32.520853][info][source:lane][message:radius: -1.26327]
[2018-07-25 10:32:32.555543][info][source:lane][message:radius: -1.2677]
[2018-07-25 10:32:32.591043][info][source:lane][message:radius: -1.27024]
[2018-07-25 10:32:32.624157][info][source:lane][message:radius: -1.27212]
[2018-07-25 10:32:32.659943][info][source:lane][message:radius: -1.27467]
[2018-07-25 10:32:32.688745][info][source:lane][message:radius: -1.27722]
[2018-07-25 10:32:32.725883][info][source:lane][message:radius: -1.28232]
[2018-07-25 10:32:32.755393][info][source:lane][message:radius: -1.28419]
[2018-07-25 10:32:32.788808][info][source:lane][message:radius: -1.28674]
[2018-07-25 10:32:32.822343][info][source:lane][message:radius: -1.28929]
[2018-07-25 10:32:32.853497][info][source:lane][message:radius: -1.28929]
[2018-07-25 10:32:32.888708][info][source:lane][message:radius: -1.29184]
[2018-07-25 10:32:32.925035][info][source:lane][message:radius: -1.29371]
[2018-07-25 10:32:32.957543][info][source:lane][message:radius: -1.29371]
[2018-07-25 10:32:32.986421][info][source:lane][message:radius: -1.29626]
[2018-07-25 10:32:33.024143][info][source:lane][message:radius: -1.29559]
[2018-07-25 10:32:33.056903][info][source:lane][message:radius: -1.29814]
[2018-07-25 10:32:33.088166][info][source:lane][message:radius: -1.30068]
[2018-07-25 10:32:33.122217][info][source:lane][message:radius: -1.30323]
[2018-07-25 10:32:33.155503][info][source:lane][message:radius: -1.30511]
[2018-07-25 10:32:33.192076][info][source:lane][message:radius: -1.30766]
[2018-07-25 10:32:33.223945][info][source:lane][message:radius: -1.31021]
[2018-07-25 10:32:33.255267][info][source:lane][message:radius: -1.31464]
[2018-07-25 10:32:33.285941][info][source:lane][message:radius: -1.31718]
[2018-07-25 10:32:33.324901][info][source:lane][message:radius: -1.32161]
[2018-07-25 10:32:33.355777][info][source:lane][message:radius: -1.32416]
[2018-07-25 10:32:33.392197][info][source:lane][message:radius: -1.32671]
[2018-07-25 10:32:33.423849][info][source:lane][message:radius: -1.32671]
[2018-07-25 10:32:33.457833][info][source:lane][message:radius: -1.32926]
[2018-07-25 10:32:33.490611][info][source:lane][message:radius: -1.32859]
[2018-07-25 10:32:33.521475][info][source:lane][message:radius: -1.33114]
[2018-07-25 10:32:33.554545][info][source:lane][message:radius: -1.33114]
[2018-07-25 10:32:33.588080][info][source:lane][message:radius: -1.33114]
[2018-07-25 10:32:33.620461][info][source:lane][message:radius: -1.32859]
[2018-07-25 10:32:33.658585][info][source:lane][message:radius: -1.32859]
[2018-07-25 10:32:33.685510][info][source:lane][message:radius: -1.32605]
[2018-07-25 10:32:33.724472][info][source:lane][message:radius: -1.32605]
[2018-07-25 10:32:33.757412][info][source:lane][message:radius: -1.3235]
[2018-07-25 10:32:33.789190][info][source:lane][message:radius: -1.3235]
[2018-07-25 10:32:33.825495][info][source:lane][message:radius: -1.32095]
[2018-07-25 10:32:33.853359][info][source:lane][message:radius: -1.32095]
[2018-07-25 10:32:33.889430][info][source:lane][message:radius: -1.3184]
[2018-07-25 10:32:33.919901][info][source:lane][message:radius: -1.3184]
[2018-07-25 10:32:33.957138][info][source:lane][message:radius: -1.3184]
[2018-07-25 10:32:33.989095][info][source:lane][message:radius: -1.31586]
[2018-07-25 10:32:34.024587][info][source:lane][message:radius: -1.31586]
[2018-07-25 10:32:34.054306][info][source:lane][message:radius: -1.31586]
[2018-07-25 10:32:34.087955][info][source:lane][message:radius: -1.31586]
[2018-07-25 10:32:34.124952][info][source:lane][message:radius: -1.31586]
[2018-07-25 10:32:34.157000][info][source:lane][message:radius: -1.3184]
[2018-07-25 10:32:34.189222][info][source:lane][message:radius: -1.31775]
[2018-07-25 10:32:34.225441][info][source:lane][message:radius: -1.31775]
[2018-07-25 10:32:34.253774][info][source:lane][message:radius: -1.31775]
[2018-07-25 10:32:34.287177][info][source:lane][message:radius: -1.31775]
[2018-07-25 10:32:34.324498][info][source:lane][message:radius: -1.31775]
[2018-07-25 10:32:34.356737][info][source:lane][message:radius: -1.31775]
[2018-07-25 10:32:34.386679][info][source:lane][message:radius: -1.31774]
[2018-07-25 10:32:34.420037][info][source:lane][message:radius: -1.31774]
[2018-07-25 10:32:34.458596][info][source:lane][message:radius: -1.31774]
[2018-07-25 10:32:34.489557][info][source:lane][message:radius: -1.31774]
[2018-07-25 10:32:34.524158][info][source:lane][message:radius: -1.31709]
[2018-07-25 10:32:34.555412][info][source:lane][message:radius: -1.31455]
[2018-07-25 10:32:34.587033][info][source:lane][message:radius: -1.31455]
[2018-07-25 10:32:34.624088][info][source:lane][message:radius: -1.31709]
[2018-07-25 10:32:34.657860][info][source:lane][message:radius: -1.31709]
[2018-07-25 10:32:34.687168][info][source:lane][message:radius: -1.31709]
[2018-07-25 10:32:34.720780][info][source:lane][message:radius: -1.31709]
[2018-07-25 10:32:34.756206][info][source:lane][message:radius: -1.31709]
[2018-07-25 10:32:34.787999][info][source:lane][message:radius: -1.31709]
[2018-07-25 10:32:34.823062][info][source:lane][message:radius: -1.31709]
[2018-07-25 10:32:34.854424][info][source:lane][message:radius: -1.31709]
[2018-07-25 10:32:34.887468][info][source:lane][message:radius: -1.31709]
[2018-07-25 10:32:34.920993][info][source:lane][message:radius: -1.31455]
[2018-07-25 10:32:34.953694][info][source:lane][message:radius: -1.31455]
[2018-07-25 10:32:34.989573][info][source:lane][message:radius: -1.312]
[2018-07-25 10:32:35.024105][info][source:lane][message:radius: -1.312]
[2018-07-25 10:32:35.058325][info][source:lane][message:radius: -1.312]
[2018-07-25 10:32:35.088911][info][source:lane][message:radius: -1.30946]
[2018-07-25 10:32:35.123106][info][source:lane][message:radius: -1.30691]
[2018-07-25 10:32:35.154656][info][source:lane][message:radius: -1.30691]
[2018-07-25 10:32:35.188116][info][source:lane][message:radius: -1.30691]
[2018-07-25 10:32:35.220576][info][source:lane][message:radius: -1.30437]
[2018-07-25 10:32:35.256984][info][source:lane][message:radius: -1.30437]
[2018-07-25 10:32:35.287159][info][source:lane][message:radius: -1.30437]
[2018-07-25 10:32:35.321518][info][source:lane][message:radius: -1.30437]
[2018-07-25 10:32:35.353674][info][source:lane][message:radius: -1.30437]
[2018-07-25 10:32:35.388135][info][source:lane][message:radius: -1.30437]
[2018-07-25 10:32:35.422757][info][source:lane][message:radius: -1.30183]
[2018-07-25 10:32:35.453523][info][source:lane][message:radius: -1.30183]
[2018-07-25 10:32:35.488367][info][source:lane][message:radius: -1.30247]
[2018-07-25 10:32:35.524702][info][source:lane][message:radius: -1.30247]
[2018-07-25 10:32:35.553421][info][source:lane][message:radius: -1.30247]
[2018-07-25 10:32:35.590008][info][source:lane][message:radius: -1.30502]
[2018-07-25 10:32:35.620179][info][source:lane][message:radius: -1.30502]
[2018-07-25 10:32:35.656245][info][source:lane][message:radius: -1.30502]
[2018-07-25 10:32:35.691679][info][source:lane][message:radius: -1.30502]
[2018-07-25 10:32:35.723421][info][source:lane][message:radius: -1.30502]
[2018-07-25 10:32:35.752173][info][source:lane][message:radius: -1.30502]
[2018-07-25 10:32:35.791459][info][source:lane][message:radius: -1.30502]
[2018-07-25 10:32:35.823426][info][source:lane][message:radius: -1.30502]
[2018-07-25 10:32:35.855848][info][source:lane][message:radius: -1.30502]
[2018-07-25 10:32:35.889299][info][source:lane][message:radius: -1.30691]
[2018-07-25 10:32:35.923883][info][source:lane][message:radius: -1.30437]
[2018-07-25 10:32:35.957418][info][source:lane][message:radius: -1.30437]
[2018-07-25 10:32:35.991061][info][source:lane][message:radius: -1.30437]
[2018-07-25 10:32:36.024795][info][source:lane][message:radius: -1.30691]
[2018-07-25 10:32:36.056542][info][source:lane][message:radius: -1.30691]
[2018-07-25 10:32:36.086930][info][source:lane][message:radius: -1.30691]
[2018-07-25 10:32:36.121386][info][source:lane][message:radius: -1.30691]
[2018-07-25 10:32:36.153271][info][source:lane][message:radius: -1.30437]
[2018-07-25 10:32:36.191739][info][source:lane][message:radius: -1.30437]
[2018-07-25 10:32:36.223630][info][source:lane][message:radius: -1.30437]
[2018-07-25 10:32:36.257340][info][source:lane][message:radius: -1.30183]
[2018-07-25 10:32:36.290630][info][source:lane][message:radius: -1.30119]
[2018-07-25 10:32:36.323980][info][source:lane][message:radius: -1.30373]
[2018-07-25 10:32:36.357283][info][source:lane][message:radius: -1.30373]
[2018-07-25 10:32:36.386982][info][source:lane][message:radius: -1.30373]
[2018-07-25 10:32:36.422205][info][source:lane][message:radius: -1.30373]
[2018-07-25 10:32:36.457248][info][source:lane][message:radius: -1.30373]
[2018-07-25 10:32:36.486270][info][source:lane][message:radius: -1.30373]
[2018-07-25 10:32:36.519639][info][source:lane][message:radius: -1.30373]
[2018-07-25 10:32:36.554878][info][source:lane][message:radius: -1.30373]
[2018-07-25 10:32:36.589561][info][source:lane][message:radius: -1.30373]
[2018-07-25 10:32:36.623894][info][source:lane][message:radius: -1.30373]
[2018-07-25 10:32:36.657853][info][source:lane][message:radius: -1.30119]
[2018-07-25 10:32:36.691111][info][source:lane][message:radius: -1.30118]
[2018-07-25 10:32:36.724066][info][source:lane][message:radius: -1.30118]
[2018-07-25 10:32:36.752915][info][source:lane][message:radius: -1.29864]
[2018-07-25 10:32:36.791922][info][source:lane][message:radius: -1.29864]
[2018-07-25 10:32:36.823889][info][source:lane][message:radius: -1.29864]
[2018-07-25 10:32:36.853474][info][source:lane][message:radius: -1.29864]
[2018-07-25 10:32:36.886150][info][source:lane][message:radius: -1.29864]
[2018-07-25 10:32:36.919384][info][source:lane][message:radius: -1.2961]
[2018-07-25 10:32:36.958688][info][source:lane][message:radius: -1.29674]
[2018-07-25 10:32:36.985551][info][source:lane][message:radius: -1.2942]
[2018-07-25 10:32:37.026378][info][source:lane][message:radius: -1.29356]
[2018-07-25 10:32:37.053520][info][source:lane][message:radius: -1.29356]
[2018-07-25 10:32:37.086281][info][source:lane][message:radius: -1.29356]
[2018-07-25 10:32:37.123658][info][source:lane][message:radius: -1.2942]
[2018-07-25 10:32:37.156034][info][source:lane][message:radius: -1.2942]
[2018-07-25 10:32:37.189214][info][source:lane][message:radius: -1.2942]
[2018-07-25 10:32:37.222359][info][source:lane][message:radius: -1.29356]
[2018-07-25 10:32:37.253135][info][source:lane][message:radius: -1.29102]
[2018-07-25 10:32:37.288507][info][source:lane][message:radius: -1.29102]
[2018-07-25 10:32:37.320595][info][source:lane][message:radius: -1.29102]
[2018-07-25 10:32:37.358049][info][source:lane][message:radius: -1.29102]
[2018-07-25 10:32:37.389598][info][source:lane][message:radius: -1.29102]
[2018-07-25 10:32:37.420219][info][source:lane][message:radius: -1.29102]
[2018-07-25 10:32:37.456807][info][source:lane][message:radius: -1.28848]
[2018-07-25 10:32:37.491400][info][source:lane][message:radius: -1.28848]
[2018-07-25 10:32:37.523137][info][source:lane][message:radius: -1.28848]
[2018-07-25 10:32:37.556411][info][source:lane][message:radius: -1.28848]
[2018-07-25 10:32:37.589840][info][source:lane][message:radius: -1.29102]
[2018-07-25 10:32:37.623695][info][source:lane][message:radius: -1.29102]
[2018-07-25 10:32:37.652798][info][source:lane][message:radius: -1.29102]
[2018-07-25 10:32:37.692301][info][source:lane][message:radius: -1.29102]
[2018-07-25 10:32:37.720337][info][source:lane][message:radius: -1.29356]
[2018-07-25 10:32:37.752570][info][source:lane][message:radius: -1.29356]
[2018-07-25 10:32:37.789490][info][source:lane][message:radius: -1.29356]
[2018-07-25 10:32:37.823927][info][source:lane][message:radius: -1.2961]
[2018-07-25 10:32:37.856934][info][source:lane][message:radius: -1.2961]
[2018-07-25 10:32:37.890337][info][source:lane][message:radius: -1.29864]
[2018-07-25 10:32:37.924212][info][source:lane][message:radius: -1.30119]
[2018-07-25 10:32:37.957012][info][source:lane][message:radius: -1.30118]
[2018-07-25 10:32:37.991122][info][source:lane][message:radius: -1.30118]
[2018-07-25 10:32:38.019523][info][source:lane][message:radius: -1.30118]
[2018-07-25 10:32:38.059335][info][source:lane][message:radius: -1.30118]
[2018-07-25 10:32:38.086369][info][source:lane][message:radius: -1.30118]
[2018-07-25 10:32:38.120961][info][source:lane][message:radius: -1.29864]
[2018-07-25 10:32:38.155519][info][source:lane][message:radius: -1.29864]
[2018-07-25 10:32:38.186924][info][source:lane][message:radius: -1.29801]
[2018-07-25 10:32:38.221040][info][source:lane][message:radius: -1.29864]
[2018-07-25 10:32:38.254870][info][source:lane][message:radius: -1.29864]
[2018-07-25 10:32:38.288948][info][source:lane][message:radius: -1.29864]
[2018-07-25 10:32:38.321368][info][source:lane][message:radius: -1.29864]
[2018-07-25 10:32:38.356826][info][source:lane][message:radius: -1.29864]
[2018-07-25 10:32:38.390704][info][source:lane][message:radius: -1.29864]
[2018-07-25 10:32:38.420825][info][source:lane][message:radius: -1.2961]
[2018-07-25 10:32:38.458925][info][source:lane][message:radius: -1.2961]
[2018-07-25 10:32:38.489429][info][source:lane][message:radius: -1.29356]
[2018-07-25 10:32:38.520708][info][source:lane][message:radius: -1.29102]
[2018-07-25 10:32:38.557764][info][source:lane][message:radius: -1.29165]
[2018-07-25 10:32:38.587684][info][source:lane][message:radius: -1.28911]
[2018-07-25 10:32:38.622245][info][source:lane][message:radius: -1.28721]
[2018-07-25 10:32:38.656616][info][source:lane][message:radius: -1.28213]
[2018-07-25 10:32:38.684895][info][source:lane][message:radius: -1.28277]
[2018-07-25 10:32:38.721291][info][source:lane][message:radius: -1.28023]
[2018-07-25 10:32:38.758089][info][source:lane][message:radius: -1.28023]
[2018-07-25 10:32:38.788883][info][source:lane][message:radius: -1.27833]
[2018-07-25 10:32:38.821647][info][source:lane][message:radius: -1.27833]
[2018-07-25 10:32:38.854650][info][source:lane][message:radius: -1.27579]
[2018-07-25 10:32:38.886392][info][source:lane][message:radius: -1.27324]
[2018-07-25 10:32:38.922246][info][source:lane][message:radius: -1.27389]
[2018-07-25 10:32:38.956214][info][source:lane][message:radius: -1.27389]
[2018-07-25 10:32:38.988292][info][source:lane][message:radius: -1.27389]
[2018-07-25 10:32:39.022662][info][source:lane][message:radius: -1.27135]
[2018-07-25 10:32:39.052879][info][source:lane][message:radius: -1.272]
[2018-07-25 10:32:39.087960][info][source:lane][message:radius: -1.26945]
[2018-07-25 10:32:39.117863][info][source:lane][message:radius: -1.26945]
[2018-07-25 10:32:39.155889][info][source:lane][message:radius: -1.26945]
[2018-07-25 10:32:39.190075][info][source:lane][message:radius: -1.26691]
[2018-07-25 10:32:39.218179][info][source:lane][message:radius: -1.26691]
[2018-07-25 10:32:39.257228][info][source:lane][message:radius: -1.26691]
[2018-07-25 10:32:39.286020][info][source:lane][message:radius: -1.26691]
[2018-07-25 10:32:39.322841][info][source:lane][message:radius: -1.26691]
[2018-07-25 10:32:39.355702][info][source:lane][message:radius: -1.26945]
[2018-07-25 10:32:39.389685][info][source:lane][message:radius: -1.26945]
[2018-07-25 10:32:39.422401][info][source:lane][message:radius: -1.26945]
[2018-07-25 10:32:39.456179][info][source:lane][message:radius: -1.26945]
[2018-07-25 10:32:39.484863][info][source:lane][message:radius: -1.272]
[2018-07-25 10:32:39.524952][info][source:lane][message:radius: -1.27455]
[2018-07-25 10:32:39.554117][info][source:lane][message:radius: -1.27709]
[2018-07-25 10:32:39.586093][info][source:lane][message:radius: -1.27964]
[2018-07-25 10:32:39.620325][info][source:lane][message:radius: -1.27964]
[2018-07-25 10:32:39.658709][info][source:lane][message:radius: -1.28218]
[2018-07-25 10:32:39.686066][info][source:lane][message:radius: -1.28218]
[2018-07-25 10:32:39.720623][info][source:lane][message:radius: -1.28218]
[2018-07-25 10:32:39.758269][info][source:lane][message:radius: -1.28218]
[2018-07-25 10:32:39.790024][info][source:lane][message:radius: -1.28218]
[2018-07-25 10:32:39.819004][info][source:lane][message:radius: -1.28218]
[2018-07-25 10:32:39.853617][info][source:lane][message:radius: -1.28218]
[2018-07-25 10:32:39.890441][info][source:lane][message:radius: -1.28218]
[2018-07-25 10:32:39.921659][info][source:lane][message:radius: -1.28218]
[2018-07-25 10:32:39.957237][info][source:lane][message:radius: -1.28218]
[2018-07-25 10:32:39.986742][info][source:lane][message:radius: -1.27964]
[2018-07-25 10:32:40.020180][info][source:lane][message:radius: -1.27964]
[2018-07-25 10:32:40.055908][info][source:lane][message:radius: -1.27964]
[2018-07-25 10:32:40.088723][info][source:lane][message:radius: -1.27964]
[2018-07-25 10:32:40.123692][info][source:lane][message:radius: -1.2803]
[2018-07-25 10:32:40.155210][info][source:lane][message:radius: -1.27775]
[2018-07-25 10:32:40.188116][info][source:lane][message:radius: -1.27521]
[2018-07-25 10:32:40.219040][info][source:lane][message:radius: -1.27266]
[2018-07-25 10:32:40.253917][info][source:lane][message:radius: -1.27077]
[2018-07-25 10:32:40.287118][info][source:lane][message:radius: -1.26823]
[2018-07-25 10:32:40.319304][info][source:lane][message:radius: -1.26568]
[2018-07-25 10:32:40.354677][info][source:lane][message:radius: -1.26568]
[2018-07-25 10:32:40.389747][info][source:lane][message:radius: -1.26313]
[2018-07-25 10:32:40.422245][info][source:lane][message:radius: -1.26125]
[2018-07-25 10:32:40.456062][info][source:lane][message:radius: -1.26125]
[2018-07-25 10:32:40.490942][info][source:lane][message:radius: -1.2587]
[2018-07-25 10:32:40.521724][info][source:lane][message:radius: -1.25937]
[2018-07-25 10:32:40.554658][info][source:lane][message:radius: -1.25682]
[2018-07-25 10:32:40.587475][info][source:lane][message:radius: -1.25682]
[2018-07-25 10:32:40.621347][info][source:lane][message:radius: -1.25428]
[2018-07-25 10:32:40.652706][info][source:lane][message:radius: -1.25428]
[2018-07-25 10:32:40.690314][info][source:lane][message:radius: -1.25428]
[2018-07-25 10:32:40.721389][info][source:lane][message:radius: -1.25173]
[2018-07-25 10:32:40.751498][info][source:lane][message:radius: -1.2524]
[2018-07-25 10:32:40.791120][info][source:lane][message:radius: -1.2524]
[2018-07-25 10:32:40.820373][info][source:lane][message:radius: -1.2524]
[2018-07-25 10:32:40.856661][info][source:lane][message:radius: -1.25495]
[2018-07-25 10:32:40.885249][info][source:lane][message:radius: -1.2524]
[2018-07-25 10:32:40.925280][info][source:lane][message:radius: -1.2524]
[2018-07-25 10:32:40.953936][info][source:lane][message:radius: -1.24985]
[2018-07-25 10:32:40.989682][info][source:lane][message:radius: -1.24985]
[2018-07-25 10:32:41.022284][info][source:lane][message:radius: -1.24985]
[2018-07-25 10:32:41.054711][info][source:lane][message:radius: -1.24985]
[2018-07-25 10:32:41.086562][info][source:lane][message:radius: -1.24985]
[2018-07-25 10:32:41.119962][info][source:lane][message:radius: -1.2524]
[2018-07-25 10:32:41.156398][info][source:lane][message:radius: -1.2524]
[2018-07-25 10:32:41.184658][info][source:lane][message:radius: -1.2524]
[2018-07-25 10:32:41.224202][info][source:lane][message:radius: -1.2524]
[2018-07-25 10:32:41.256640][info][source:lane][message:radius: -1.25307]
[2018-07-25 10:32:41.291031][info][source:lane][message:radius: -1.2524]
[2018-07-25 10:32:41.321761][info][source:lane][message:radius: -1.25307]
[2018-07-25 10:32:41.356777][info][source:lane][message:radius: -1.25307]
[2018-07-25 10:32:41.385630][info][source:lane][message:radius: -1.25307]
[2018-07-25 10:32:41.425902][info][source:lane][message:radius: -1.25307]
[2018-07-25 10:32:41.454478][info][source:lane][message:radius: -1.25307]
[2018-07-25 10:32:41.486956][info][source:lane][message:radius: -1.25307]
[2018-07-25 10:32:41.520582][info][source:lane][message:radius: -1.25307]
[2018-07-25 10:32:41.555423][info][source:lane][message:radius: -1.25307]
[2018-07-25 10:32:41.586381][info][source:lane][message:radius: -1.25307]
[2018-07-25 10:32:41.619221][info][source:lane][message:radius: -1.25307]
[2018-07-25 10:32:41.652700][info][source:lane][message:radius: -1.25307]
[2018-07-25 10:32:41.686467][info][source:lane][message:radius: -1.25307]
[2018-07-25 10:32:41.724226][info][source:lane][message:radius: -1.25375]
[2018-07-25 10:32:41.756674][info][source:lane][message:radius: -1.25375]
[2018-07-25 10:32:41.785434][info][source:lane][message:radius: -1.2512]
[2018-07-25 10:32:41.821715][info][source:lane][message:radius: -1.2512]
[2018-07-25 10:32:41.852457][info][source:lane][message:radius: -1.24865]
[2018-07-25 10:32:41.885476][info][source:lane][message:radius: -1.2461]
[2018-07-25 10:32:41.919696][info][source:lane][message:radius: -1.2461]
[2018-07-25 10:32:41.952244][info][source:lane][message:radius: -1.2461]
[2018-07-25 10:32:41.986202][info][source:lane][message:radius: -1.24424]
[2018-07-25 10:32:42.020371][info][source:lane][message:radius: -1.24169]
[2018-07-25 10:32:42.055194][info][source:lane][message:radius: -1.24169]
[2018-07-25 10:32:42.086393][info][source:lane][message:radius: -1.24237]
[2018-07-25 10:32:42.123906][info][source:lane][message:radius: -1.23982]
[2018-07-25 10:32:42.152291][info][source:lane][message:radius: -1.23982]
[2018-07-25 10:32:42.190115][info][source:lane][message:radius: -1.23727]
[2018-07-25 10:32:42.218288][info][source:lane][message:radius: -1.23472]
[2018-07-25 10:32:42.256001][info][source:lane][message:radius: -1.23217]
[2018-07-25 10:32:42.291821][info][source:lane][message:radius: -1.2303]
[2018-07-25 10:32:42.320382][info][source:lane][message:radius: -1.2303]
[2018-07-25 10:32:42.355564][info][source:lane][message:radius: -1.22775]
[2018-07-25 10:32:42.387870][info][source:lane][message:radius: -1.22775]
[2018-07-25 10:32:42.423188][info][source:lane][message:radius: -1.2303]
[2018-07-25 10:32:42.451872][info][source:lane][message:radius: -1.22962]
[2018-07-25 10:32:42.485435][info][source:lane][message:radius: -1.22962]
[2018-07-25 10:32:42.519510][info][source:lane][message:radius: -1.22962]
[2018-07-25 10:32:42.553559][info][source:lane][message:radius: -1.22962]
[2018-07-25 10:32:42.587864][info][source:lane][message:radius: -1.22962]
[2018-07-25 10:32:42.623485][info][source:lane][message:radius: -1.22962]
[2018-07-25 10:32:42.652056][info][source:lane][message:radius: -1.22962]
[2018-07-25 10:32:42.690314][info][source:lane][message:radius: -1.22962]
[2018-07-25 10:32:42.719526][info][source:lane][message:radius: -1.22707]
[2018-07-25 10:32:42.754203][info][source:lane][message:radius: -1.22707]
[2018-07-25 10:32:42.788912][info][source:lane][message:radius: -1.22707]
[2018-07-25 10:32:42.819135][info][source:lane][message:radius: -1.22707]
[2018-07-25 10:32:42.853844][info][source:lane][message:radius: -1.22452]
[2018-07-25 10:32:42.885327][info][source:lane][message:radius: -1.22452]
[2018-07-25 10:32:42.921870][info][source:lane][message:radius: -1.22452]
[2018-07-25 10:32:42.955682][info][source:lane][message:radius: -1.22452]
[2018-07-25 10:32:42.989733][info][source:lane][message:radius: -1.22707]
[2018-07-25 10:32:43.019525][info][source:lane][message:radius: -1.22639]
[2018-07-25 10:32:43.053972][info][source:lane][message:radius: -1.22894]
[2018-07-25 10:32:43.087710][info][source:lane][message:radius: -1.23148]
[2018-07-25 10:32:43.122399][info][source:lane][message:radius: -1.23403]
[2018-07-25 10:32:43.155777][info][source:lane][message:radius: -1.23591]
[2018-07-25 10:32:43.187171][info][source:lane][message:radius: -1.23591]
[2018-07-25 10:32:43.219457][info][source:lane][message:radius: -1.24033]
[2018-07-25 10:32:43.255217][info][source:lane][message:radius: -1.24288]
[2018-07-25 10:32:43.284692][info][source:lane][message:radius: -1.24543]
[2018-07-25 10:32:43.323048][info][source:lane][message:radius: -1.25052]
[2018-07-25 10:32:43.352245][info][source:lane][message:radius: -1.25307]
[2018-07-25 10:32:43.387731][info][source:lane][message:radius: -1.25562]
[2018-07-25 10:32:43.421281][info][source:lane][message:radius: -1.26005]
[2018-07-25 10:32:43.455793][info][source:lane][message:radius: -1.26259]
[2018-07-25 10:32:43.486946][info][source:lane][message:radius: -1.26514]
[2018-07-25 10:32:43.524612][info][source:lane][message:radius: -1.26769]
[2018-07-25 10:32:43.551602][info][source:lane][message:radius: -1.27024]
[2018-07-25 10:32:43.587141][info][source:lane][message:radius: -1.27212]
[2018-07-25 10:32:43.621318][info][source:lane][message:radius: -1.27212]
[2018-07-25 10:32:43.654707][info][source:lane][message:radius: -1.27212]
[2018-07-25 10:32:43.689183][info][source:lane][message:radius: -1.27466]
[2018-07-25 10:32:43.723181][info][source:lane][message:radius: -1.27466]
[2018-07-25 10:32:43.753327][info][source:lane][message:radius: -1.27466]
[2018-07-25 10:32:43.791164][info][source:lane][message:radius: -1.27399]
[2018-07-25 10:32:43.821608][info][source:lane][message:radius: -1.27399]
[2018-07-25 10:32:43.853007][info][source:lane][message:radius: -1.27399]
[2018-07-25 10:32:43.888700][info][source:lane][message:radius: -1.27399]
[2018-07-25 10:32:43.923133][info][source:lane][message:radius: -1.27399]
[2018-07-25 10:32:43.952318][info][source:lane][message:radius: -1.27399]
[2018-07-25 10:32:43.987787][info][source:lane][message:radius: -1.27399]
[2018-07-25 10:32:44.018965][info][source:lane][message:radius: -1.27399]
[2018-07-25 10:32:44.052673][info][source:lane][message:radius: -1.27399]
[2018-07-25 10:32:44.085327][info][source:lane][message:radius: -1.27399]
[2018-07-25 10:32:44.117800][info][source:lane][message:radius: -1.27399]
[2018-07-25 10:32:44.153188][info][source:lane][message:radius: -1.27399]
[2018-07-25 10:32:44.188441][info][source:lane][message:radius: -1.27399]
[2018-07-25 10:32:44.223426][info][source:lane][message:radius: -1.27399]
[2018-07-25 10:32:44.253778][info][source:lane][message:radius: -1.27399]
[2018-07-25 10:32:44.287648][info][source:lane][message:radius: -1.27399]
[2018-07-25 10:32:44.322408][info][source:lane][message:radius: -1.27399]
[2018-07-25 10:32:44.354364][info][source:lane][message:radius: -1.27399]
[2018-07-25 10:32:44.387889][info][source:lane][message:radius: -1.27399]
[2018-07-25 10:32:44.419204][info][source:lane][message:radius: -1.27144]
[2018-07-25 10:32:44.453358][info][source:lane][message:radius: -1.27144]
[2018-07-25 10:32:44.484973][info][source:lane][message:radius: -1.27144]
[2018-07-25 10:32:44.519427][info][source:lane][message:radius: -1.26889]
[2018-07-25 10:32:44.552813][info][source:lane][message:radius: -1.26889]
[2018-07-25 10:32:44.589358][info][source:lane][message:radius: -1.26889]
[2018-07-25 10:32:44.621908][info][source:lane][message:radius: -1.26889]
[2018-07-25 10:32:44.654948][info][source:lane][message:radius: -1.26889]
[2018-07-25 10:32:44.688484][info][source:lane][message:radius: -1.26635]
[2018-07-25 10:32:44.722773][info][source:lane][message:radius: -1.26635]
[2018-07-25 10:32:44.751686][info][source:lane][message:radius: -1.26635]
[2018-07-25 10:32:44.788330][info][source:lane][message:radius: -1.26635]
[2018-07-25 10:32:44.820834][info][source:lane][message:radius: -1.2638]
[2018-07-25 10:32:44.851456][info][source:lane][message:radius: -1.2638]
[2018-07-25 10:32:44.890071][info][source:lane][message:radius: -1.2638]
[2018-07-25 10:32:44.917382][info][source:lane][message:radius: -1.2638]
[2018-07-25 10:32:44.954499][info][source:lane][message:radius: -1.2638]
[2018-07-25 10:32:44.987521][info][source:lane][message:radius: -1.2638]
[2018-07-25 10:32:45.018526][info][source:lane][message:radius: -1.2638]
[2018-07-25 10:32:45.054125][info][source:lane][message:radius: -1.26192]
[2018-07-25 10:32:45.085259][info][source:lane][message:radius: -1.26192]
[2018-07-25 10:32:45.123687][info][source:lane][message:radius: -1.25937]
[2018-07-25 10:32:45.151011][info][source:lane][message:radius: -1.25937]
[2018-07-25 10:32:45.187936][info][source:lane][message:radius: -1.25682]
[2018-07-25 10:32:45.222162][info][source:lane][message:radius: -1.25682]
[2018-07-25 10:32:45.252109][info][source:lane][message:radius: -1.25682]
[2018-07-25 10:32:45.288745][info][source:lane][message:radius: -1.25682]
[2018-07-25 10:32:45.318408][info][source:lane][message:radius: -1.25682]
[2018-07-25 10:32:45.352938][info][source:lane][message:radius: -1.25682]
[2018-07-25 10:32:45.390111][info][source:lane][message:radius: -1.25682]
[2018-07-25 10:32:45.420507][info][source:lane][message:radius: -1.25749]
[2018-07-25 10:32:45.455729][info][source:lane][message:radius: -1.25749]
[2018-07-25 10:32:45.487675][info][source:lane][message:radius: -1.25749]
[2018-07-25 10:32:45.521750][info][source:lane][message:radius: -1.25749]
[2018-07-25 10:32:45.554144][info][source:lane][message:radius: -1.25749]
[2018-07-25 10:32:45.586960][info][source:lane][message:radius: -1.25749]
[2018-07-25 10:32:45.622489][info][source:lane][message:radius: -1.25495]
[2018-07-25 10:32:45.651574][info][source:lane][message:radius: -1.25495]
[2018-07-25 10:32:45.692154][info][source:lane][message:radius: -1.25495]
[2018-07-25 10:32:45.720524][info][source:lane][message:radius: -1.25495]
[2018-07-25 10:32:45.755605][info][source:lane][message:radius: -1.25495]
[2018-07-25 10:32:45.788327][info][source:lane][message:radius: -1.25495]
[2018-07-25 10:32:45.817408][info][source:lane][message:radius: -1.25495]
[2018-07-25 10:32:45.857779][info][source:lane][message:radius: -1.25562]
[2018-07-25 10:32:45.889653][info][source:lane][message:radius: -1.25562]
[2018-07-25 10:32:45.917808][info][source:lane][message:radius: -1.25562]
[2018-07-25 10:32:45.956848][info][source:lane][message:radius: -1.25562]
[2018-07-25 10:32:45.989595][info][source:lane][message:radius: -1.25562]
[2018-07-25 10:32:46.018186][info][source:lane][message:radius: -1.25562]
[2018-07-25 10:32:46.056100][info][source:lane][message:radius: -1.25562]
[2018-07-25 10:32:46.088553][info][source:lane][message:radius: -1.25307]
[2018-07-25 10:32:46.122601][info][source:lane][message:radius: -1.25307]
[2018-07-25 10:32:46.150302][info][source:lane][message:radius: -1.25307]
[2018-07-25 10:32:46.186541][info][source:lane][message:radius: -1.25052]
[2018-07-25 10:32:46.222105][info][source:lane][message:radius: -1.24797]
[2018-07-25 10:32:46.251942][info][source:lane][message:radius: -1.24797]
[2018-07-25 10:32:46.288274][info][source:lane][message:radius: -1.24543]
[2018-07-25 10:32:46.319911][info][source:lane][message:radius: -1.24543]
[2018-07-25 10:32:46.355998][info][source:lane][message:radius: -1.24543]
[2018-07-25 10:32:46.388938][info][source:lane][message:radius: -1.24355]
[2018-07-25 10:32:46.419484][info][source:lane][message:radius: -1.24424]
[2018-07-25 10:32:46.453668][info][source:lane][message:radius: -1.25189]
[2018-07-25 10:32:46.491634][info][source:lane][message:radius: -1.25768]
[2018-07-25 10:32:46.520631][info][source:lane][message:radius: -1.26164]
[2018-07-25 10:32:46.555933][info][source:lane][message:radius: -1.26234]
[2018-07-25 10:32:46.586236][info][source:lane][message:radius: -1.26306]
[2018-07-25 10:32:46.623258][info][source:lane][message:radius: -1.26194]
[2018-07-25 10:32:46.654411][info][source:lane][message:radius: -1.26194]
[2018-07-25 10:32:46.683850][info][source:lane][message:radius: -1.2539]
[2018-07-25 10:32:46.724622][info][source:lane][message:radius: -1.26158]
[2018-07-25 10:32:46.753140][info][source:lane][message:radius: -1.26671]
[2018-07-25 10:32:46.790471][info][source:lane][message:radius: -1.27109]
[2018-07-25 10:32:46.821397][info][source:lane][message:radius: -1.27366]
[2018-07-25 10:32:46.851323][info][source:lane][message:radius: -1.27622]
[2018-07-25 10:32:46.886890][info][source:lane][message:radius: -1.28574]
[2018-07-25 10:32:46.921714][info][source:lane][message:radius: -1.29452]
[2018-07-25 10:32:46.953172][info][source:lane][message:radius: -1.3015]
[2018-07-25 10:32:46.991151][info][source:lane][message:radius: -1.30847]
[2018-07-25 10:32:47.021063][info][source:lane][message:radius: -1.3085]
[2018-07-25 10:32:47.054398][info][source:lane][message:radius: -1.30669]
[2018-07-25 10:32:47.085606][info][source:lane][message:radius: -1.30743]
[2018-07-25 10:32:47.122741][info][source:lane][message:radius: -1.30307]
[2018-07-25 10:32:47.154315][info][source:lane][message:radius: -1.29687]
[2018-07-25 10:32:47.183674][info][source:lane][message:radius: -1.29507]
[2018-07-25 10:32:47.225384][info][source:lane][message:radius: -1.2978]
[2018-07-25 10:32:47.253314][info][source:lane][message:radius: -1.30367]
[2018-07-25 10:32:47.289178][info][source:lane][message:radius: -1.31103]
[2018-07-25 10:32:47.320634][info][source:lane][message:radius: -1.31901]
[2018-07-25 10:32:47.354741][info][source:lane][message:radius: 1.32811]
[2018-07-25 10:32:47.389686][info][source:lane][message:radius: 1.33512]
[2018-07-25 10:32:47.420685][info][source:lane][message:radius: 1.33339]
[2018-07-25 10:32:47.456164][info][source:lane][message:radius: 1.33746]
[2018-07-25 10:32:47.487045][info][source:lane][message:radius: -1.33778]
[2018-07-25 10:32:47.521741][info][source:lane][message:radius: -1.33592]
[2018-07-25 10:32:47.552100][info][source:lane][message:radius: 1.34045]
[2018-07-25 10:32:47.585199][info][source:lane][message:radius: 1.34803]
[2018-07-25 10:32:47.622456][info][source:lane][message:radius: 1.34396]
[2018-07-25 10:32:47.652040][info][source:lane][message:radius: 1.3505]
[2018-07-25 10:32:47.690604][info][source:lane][message:radius: 1.34783]
[2018-07-25 10:32:47.721470][info][source:lane][message:radius: 1.34546]
[2018-07-25 10:32:47.754748][info][source:lane][message:radius: 1.35632]
[2018-07-25 10:32:47.789803][info][source:lane][message:radius: 1.35917]
[2018-07-25 10:32:47.821305][info][source:lane][message:radius: 1.35205]
[2018-07-25 10:32:47.851276][info][source:lane][message:radius: 1.3531]
[2018-07-25 10:32:47.885833][info][source:lane][message:radius: -1.34863]
[2018-07-25 10:32:47.922456][info][source:lane][message:radius: -1.34789]
[2018-07-25 10:32:47.949961][info][source:lane][message:radius: -1.33902]
[2018-07-25 10:32:47.985583][info][source:lane][message:radius: -1.35043]
[2018-07-25 10:32:48.019285][info][source:lane][message:radius: -1.34788]
[2018-07-25 10:32:48.050672][info][source:lane][message:radius: 1.35115]
[2018-07-25 10:32:48.086267][info][source:lane][message:radius: 1.35932]
[2018-07-25 10:32:48.120884][info][source:lane][message:radius: 1.36887]
[2018-07-25 10:32:48.150521][info][source:lane][message:radius: 1.36114]
[2018-07-25 10:32:48.188353][info][source:lane][message:radius: 1.3707]
[2018-07-25 10:32:48.217688][info][source:lane][message:radius: 1.37517]
[2018-07-25 10:32:48.254391][info][source:lane][message:radius: 1.36626]
[2018-07-25 10:32:48.283831][info][source:lane][message:radius: -1.35229]
[2018-07-25 10:32:48.320698][info][source:lane][message:radius: -1.34343]
[2018-07-25 10:32:48.350601][info][source:lane][message:radius: -1.33899]
[2018-07-25 10:32:48.385906][info][source:lane][message:radius: 1.35295]
[2018-07-25 10:32:48.418506][info][source:lane][message:radius: 1.36369]
[2018-07-25 10:32:48.453610][info][source:lane][message:radius: 1.36883]
[2018-07-25 10:32:48.488491][info][source:lane][message:radius: 1.36113]
[2018-07-25 10:32:48.522504][info][source:lane][message:radius: -1.34784]
[2018-07-25 10:32:48.554058][info][source:lane][message:radius: -1.33644]
[2018-07-25 10:32:48.588558][info][source:lane][message:radius: -1.34784]
[2018-07-25 10:32:48.622978][info][source:lane][message:radius: -1.3446]
[2018-07-25 10:32:48.650566][info][source:lane][message:radius: -1.33948]
[2018-07-25 10:32:48.690080][info][source:lane][message:radius: -1.33438]
[2018-07-25 10:32:48.722518][info][source:lane][message:radius: -1.32995]
[2018-07-25 10:32:48.753095][info][source:lane][message:radius: -1.33693]
[2018-07-25 10:32:48.788278][info][source:lane][message:radius: -1.34392]
[2018-07-25 10:32:48.820490][info][source:lane][message:radius: -1.34836]
[2018-07-25 10:32:48.852947][info][source:lane][message:radius: -1.34835]
[2018-07-25 10:32:48.889276][info][source:lane][message:radius: -1.3579]
[2018-07-25 10:32:48.919307][info][source:lane][message:radius: 1.37189]
[2018-07-25 10:32:48.952628][info][source:lane][message:radius: 1.36233]
[2018-07-25 10:32:48.987913][info][source:lane][message:radius: -1.35346]
[2018-07-25 10:32:49.021261][info][source:lane][message:radius: 1.35857]
[2018-07-25 10:32:49.052889][info][source:lane][message:radius: 1.37069]
[2018-07-25 10:32:49.088948][info][source:lane][message:radius: 1.37962]
[2018-07-25 10:32:49.121569][info][source:lane][message:radius: 1.38928]
[2018-07-25 10:32:49.154577][info][source:lane][message:radius: 1.3991]
[2018-07-25 10:32:49.188083][info][source:lane][message:radius: 1.40764]
[2018-07-25 10:32:49.216895][info][source:lane][message:radius: 1.40848]
[2018-07-25 10:32:49.254160][info][source:lane][message:radius: 1.4169]
[2018-07-25 10:32:49.289074][info][source:lane][message:radius: 1.41695]
[2018-07-25 10:32:49.322196][info][source:lane][message:radius: 1.41127]
[2018-07-25 10:32:49.354268][info][source:lane][message:radius: 1.417]
[2018-07-25 10:32:49.387716][info][source:lane][message:radius: 1.42403]
[2018-07-25 10:32:49.418547][info][source:lane][message:radius: 1.42846]
[2018-07-25 10:32:49.451486][info][source:lane][message:radius: 1.42667]
[2018-07-25 10:32:49.489577][info][source:lane][message:radius: 1.42036]
[2018-07-25 10:32:49.521135][info][source:lane][message:radius: 1.41522]
[2018-07-25 10:32:49.553390][info][source:lane][message:radius: 1.40885]
[2018-07-25 10:32:49.588972][info][source:lane][message:radius: 1.39746]
[2018-07-25 10:32:49.621045][info][source:lane][message:radius: 1.38487]
[2018-07-25 10:32:49.652152][info][source:lane][message:radius: 1.37418]
[2018-07-25 10:32:49.688564][info][source:lane][message:radius: 1.36279]
[2018-07-25 10:32:49.720815][info][source:lane][message:radius: 1.3521]
[2018-07-25 10:32:49.754176][info][source:lane][message:radius: 1.34507]
[2018-07-25 10:32:49.787672][info][source:lane][message:radius: 1.33873]
[2018-07-25 10:32:49.820603][info][source:lane][message:radius: 1.29179]
[2018-07-25 10:32:49.852144][info][source:lane][message:radius: 1.34236]
[2018-07-25 10:32:49.889065][info][source:lane][message:radius: -1.34132]
[2018-07-25 10:32:49.922776][info][source:lane][message:radius: -1.34233]
[2018-07-25 10:32:49.953373][info][source:lane][message:radius: -1.34161]
[2018-07-25 10:32:49.987381][info][source:lane][message:radius: -1.34345]
[2018-07-25 10:32:50.018610][info][source:lane][message:radius: -1.34276]
[2018-07-25 10:32:50.055815][info][source:lane][message:radius: -1.34462]
[2018-07-25 10:32:50.088051][info][source:lane][message:radius: -1.34394]
[2018-07-25 10:32:50.120552][info][source:lane][message:radius: -1.34582]
[2018-07-25 10:32:50.152158][info][source:lane][message:radius: -1.34581]
[2018-07-25 10:32:50.187119][info][source:lane][message:radius: -1.34019]
[2018-07-25 10:32:50.219642][info][source:lane][message:radius: -1.33951]
[2018-07-25 10:32:50.254677][info][source:lane][message:radius: -1.34138]
[2018-07-25 10:32:50.288170][info][source:lane][message:radius: -1.34071]
[2018-07-25 10:32:50.320820][info][source:lane][message:radius: -1.33508]
[2018-07-25 10:32:50.354335][info][source:lane][message:radius: -1.33135]
[2018-07-25 10:32:50.384422][info][source:lane][message:radius: -1.32763]
[2018-07-25 10:32:50.422176][info][source:lane][message:radius: -1.32648]
[2018-07-25 10:32:50.452631][info][source:lane][message:radius: -1.32024]
[2018-07-25 10:32:50.483802][info][source:lane][message:radius: -1.31585]
[2018-07-25 10:32:50.523142][info][source:lane][message:radius: -1.3228]
[2018-07-25 10:32:50.550274][info][source:lane][message:radius: -1.32097]
[2018-07-25 10:32:50.586436][info][source:lane][message:radius: -1.3166]
[2018-07-25 10:32:50.621612][info][source:lane][message:radius: -1.31734]
[2018-07-25 10:32:50.653877][info][source:lane][message:radius: -1.32175]
[2018-07-25 10:32:50.688400][info][source:lane][message:radius: -1.32619]
[2018-07-25 10:32:50.717284][info][source:lane][message:radius: -1.33427]
[2018-07-25 10:32:50.755227][info][source:lane][message:radius: -1.34123]
[2018-07-25 10:32:50.784449][info][source:lane][message:radius: 1.34572]
[2018-07-25 10:32:50.822490][info][source:lane][message:radius: 1.35451]
[2018-07-25 10:32:50.853462][info][source:lane][message:radius: 1.35897]
[2018-07-25 10:32:50.886426][info][source:lane][message:radius: 1.36342]
[2018-07-25 10:32:50.920400][info][source:lane][message:radius: 1.36864]
[2018-07-25 10:32:50.953701][info][source:lane][message:radius: 1.35703]
[2018-07-25 10:32:50.988592][info][source:lane][message:radius: 1.34558]
[2018-07-25 10:32:51.020279][info][source:lane][message:radius: -1.33928]
[2018-07-25 10:32:51.055717][info][source:lane][message:radius: -1.33045]
[2018-07-25 10:32:51.086301][info][source:lane][message:radius: -1.32163]
[2018-07-25 10:32:51.119586][info][source:lane][message:radius: -1.31283]
[2018-07-25 10:32:51.153278][info][source:lane][message:radius: -1.30587]
[2018-07-25 10:32:51.183958][info][source:lane][message:radius: -1.29708]
[2018-07-25 10:32:51.221648][info][source:lane][message:radius: -1.29088]
[2018-07-25 10:32:51.252815][info][source:lane][message:radius: -1.29088]
[2018-07-25 10:32:51.287286][info][source:lane][message:radius: -1.29786]
[2018-07-25 10:32:51.318012][info][source:lane][message:radius: -1.28212]
[2018-07-25 10:32:51.354159][info][source:lane][message:radius: -1.26823]
[2018-07-25 10:32:51.384227][info][source:lane][message:radius: -1.27004]
[2018-07-25 10:32:51.422965][info][source:lane][message:radius: -1.28213]
[2018-07-25 10:32:51.453666][info][source:lane][message:radius: -1.28652]
[2018-07-25 10:32:51.482999][info][source:lane][message:radius: -1.2953]
[2018-07-25 10:32:51.520161][info][source:lane][message:radius: -1.30596]
[2018-07-25 10:32:51.554237][info][source:lane][message:radius: -1.30233]
[2018-07-25 10:32:51.587125][info][source:lane][message:radius: -1.3005]
[2018-07-25 10:32:51.619738][info][source:lane][message:radius: -1.30568]
[2018-07-25 10:32:51.652936][info][source:lane][message:radius: -1.30823]
[2018-07-25 10:32:51.688010][info][source:lane][message:radius: -1.31448]
[2018-07-25 10:32:51.721275][info][source:lane][message:radius: -1.31447]
[2018-07-25 10:32:51.754365][info][source:lane][message:radius: -1.31114]
[2018-07-25 10:32:51.783136][info][source:lane][message:radius: -1.31212]
[2018-07-25 10:32:51.818363][info][source:lane][message:radius: -1.30617]
[2018-07-25 10:32:51.851835][info][source:lane][message:radius: -1.29373]
[2018-07-25 10:32:51.887405][info][source:lane][message:radius: -1.30424]
[2018-07-25 10:32:51.921230][info][source:lane][message:radius: 1.32196]
[2018-07-25 10:32:51.953253][info][source:lane][message:radius: 1.32897]
[2018-07-25 10:32:51.983046][info][source:lane][message:radius: 1.32641]
[2018-07-25 10:32:52.019681][info][source:lane][message:radius: 1.3238]
[2018-07-25 10:32:52.053769][info][source:lane][message:radius: 1.32303]
[2018-07-25 10:32:52.086310][info][source:lane][message:radius: 1.32306]
[2018-07-25 10:32:52.121033][info][source:lane][message:radius: 1.32562]
[2018-07-25 10:32:52.152004][info][source:lane][message:radius: 1.33179]
[2018-07-25 10:32:52.185669][info][source:lane][message:radius: 1.33724]
[2018-07-25 10:32:52.220106][info][source:lane][message:radius: 1.34156]
[2018-07-25 10:32:52.255207][info][source:lane][message:radius: 1.34259]
[2018-07-25 10:32:52.286936][info][source:lane][message:radius: 1.34433]
[2018-07-25 10:32:52.319684][info][source:lane][message:radius: 1.35049]
[2018-07-25 10:32:52.353325][info][source:lane][message:radius: 1.35378]
[2018-07-25 10:32:52.383086][info][source:lane][message:radius: 1.35632]
[2018-07-25 10:32:52.419445][info][source:lane][message:radius: 1.35843]
[2018-07-25 10:32:52.453837][info][source:lane][message:radius: 1.35667]
[2018-07-25 10:32:52.484985][info][source:lane][message:radius: 1.3609]
[2018-07-25 10:32:52.521111][info][source:lane][message:radius: 1.35929]
[2018-07-25 10:32:52.553438][info][source:lane][message:radius: 1.36101]
[2018-07-25 10:32:52.585851][info][source:lane][message:radius: 1.36339]
[2018-07-25 10:32:52.617623][info][source:lane][message:radius: 1.36494]
[2018-07-25 10:32:52.650553][info][source:lane][message:radius: 1.3666]
[2018-07-25 10:32:52.686793][info][source:lane][message:radius: 1.36719]
[2018-07-25 10:32:52.718483][info][source:lane][message:radius: 1.36915]
[2018-07-25 10:32:52.754517][info][source:lane][message:radius: 1.37058]
[2018-07-25 10:32:52.784165][info][source:lane][message:radius: 1.37079]
[2018-07-25 10:32:52.821576][info][source:lane][message:radius: 1.37267]
[2018-07-25 10:32:52.852832][info][source:lane][message:radius: 1.373]
[2018-07-25 10:32:52.884684][info][source:lane][message:radius: 1.37805]
[2018-07-25 10:32:52.921128][info][source:lane][message:radius: 1.37792]
[2018-07-25 10:32:52.953277][info][source:lane][message:radius: 1.37498]
[2018-07-25 10:32:52.982818][info][source:lane][message:radius: 1.37738]
[2018-07-25 10:32:53.018410][info][source:lane][message:radius: 1.37733]
[2018-07-25 10:32:53.050099][info][source:lane][message:radius: 1.37731]
[2018-07-25 10:32:53.086586][info][source:lane][message:radius: 1.37726]
[2018-07-25 10:32:53.119694][info][source:lane][message:radius: 1.3772]
[2018-07-25 10:32:53.153186][info][source:lane][message:radius: 1.37465]
[2018-07-25 10:32:53.185869][info][source:lane][message:radius: 1.37678]
[2018-07-25 10:32:53.217348][info][source:lane][message:radius: 1.37672]
[2018-07-25 10:32:53.254036][info][source:lane][message:radius: 1.37667]
[2018-07-25 10:32:53.284235][info][source:lane][message:radius: 1.37657]
[2018-07-25 10:32:53.320156][info][source:lane][message:radius: 1.37653]
[2018-07-25 10:32:53.353736][info][source:lane][message:radius: 1.37649]
[2018-07-25 10:32:53.383074][info][source:lane][message:radius: 1.37646]
[2018-07-25 10:32:53.422473][info][source:lane][message:radius: 1.37642]
[2018-07-25 10:32:53.452609][info][source:lane][message:radius: 1.37636]
[2018-07-25 10:32:53.486599][info][source:lane][message:radius: 1.37633]
[2018-07-25 10:32:53.521440][info][source:lane][message:radius: 1.37627]
[2018-07-25 10:32:53.552930][info][source:lane][message:radius: 1.37625]
[2018-07-25 10:32:53.587856][info][source:lane][message:radius: 1.3762]
[2018-07-25 10:32:53.616934][info][source:lane][message:radius: 1.37615]
[2018-07-25 10:32:53.655105][info][source:lane][message:radius: 1.37615]
[2018-07-25 10:32:53.683018][info][source:lane][message:radius: 1.37613]
[2018-07-25 10:32:53.719185][info][source:lane][message:radius: 1.37613]
[2018-07-25 10:32:53.753852][info][source:lane][message:radius: 1.37613]
[2018-07-25 10:32:53.783926][info][source:lane][message:radius: 1.37364]
[2018-07-25 10:32:53.821054][info][source:lane][message:radius: 1.37368]
[2018-07-25 10:32:53.853377][info][source:lane][message:radius: 1.37678]
[2018-07-25 10:32:53.887318][info][source:lane][message:radius: 1.37716]
[2018-07-25 10:32:53.919467][info][source:lane][message:radius: 1.37723]
[2018-07-25 10:32:53.952918][info][source:lane][message:radius: 1.37742]
[2018-07-25 10:32:53.983384][info][source:lane][message:radius: 1.37756]
[2018-07-25 10:32:54.021666][info][source:lane][message:radius: 1.37771]
[2018-07-25 10:32:54.053436][info][source:lane][message:radius: 1.3804]
[2018-07-25 10:32:54.087642][info][source:lane][message:radius: 1.38047]
[2018-07-25 10:32:54.117076][info][source:lane][message:radius: 1.38246]
[2018-07-25 10:32:54.150910][info][source:lane][message:radius: 1.38055]
[2018-07-25 10:32:54.184078][info][source:lane][message:radius: 1.38053]
[2018-07-25 10:32:54.219453][info][source:lane][message:radius: 1.37876]
[2018-07-25 10:32:54.254886][info][source:lane][message:radius: 1.37442]
[2018-07-25 10:32:54.283700][info][source:lane][message:radius: 1.37261]
[2018-07-25 10:32:54.318652][info][source:lane][message:radius: 1.35889]
[2018-07-25 10:32:54.352217][info][source:lane][message:radius: 1.35773]
[2018-07-25 10:32:54.386171][info][source:lane][message:radius: 1.34794]
[2018-07-25 10:32:54.419613][info][source:lane][message:radius: 1.35544]
[2018-07-25 10:32:54.451473][info][source:lane][message:radius: 1.36331]
[2018-07-25 10:32:54.486018][info][source:lane][message:radius: 1.35834]
[2018-07-25 10:32:54.520351][info][source:lane][message:radius: 1.36989]
[2018-07-25 10:32:54.553174][info][source:lane][message:radius: 1.37256]
[2018-07-25 10:32:54.583901][info][source:lane][message:radius: 1.37545]
[2018-07-25 10:32:54.619501][info][source:lane][message:radius: 1.37408]
[2018-07-25 10:32:54.654405][info][source:lane][message:radius: 1.37712]
[2018-07-25 10:32:54.685069][info][source:lane][message:radius: 1.38745]
[2018-07-25 10:32:54.720421][info][source:lane][message:radius: 1.3786]
[2018-07-25 10:32:54.753332][info][source:lane][message:radius: 1.3802]
[2018-07-25 10:32:54.783232][info][source:lane][message:radius: 1.37909]
[2018-07-25 10:32:54.816462][info][source:lane][message:radius: 1.37896]
[2018-07-25 10:32:54.854618][info][source:lane][message:radius: 1.37922]
[2018-07-25 10:32:54.883866][info][source:lane][message:radius: 1.36989]
[2018-07-25 10:32:54.921380][info][source:lane][message:radius: 1.36279]
[2018-07-25 10:32:54.953427][info][source:lane][message:radius: 1.3583]
[2018-07-25 10:32:54.986111][info][source:lane][message:radius: 1.35643]
[2018-07-25 10:32:55.019561][info][source:lane][message:radius: 1.35459]
[2018-07-25 10:32:55.052711][info][source:lane][message:radius: 1.35466]
[2018-07-25 10:32:55.085243][info][source:lane][message:radius: 1.35736]
[2018-07-25 10:32:55.120856][info][source:lane][message:radius: 1.35756]
[2018-07-25 10:32:55.149719][info][source:lane][message:radius: 1.35789]
[2018-07-25 10:32:55.187608][info][source:lane][message:radius: 1.36149]
[2018-07-25 10:32:55.216772][info][source:lane][message:radius: 1.36189]
[2018-07-25 10:32:55.250526][info][source:lane][message:radius: 1.36245]
[2018-07-25 10:32:55.287342][info][source:lane][message:radius: 1.36313]
[2018-07-25 10:32:55.319900][info][source:lane][message:radius: 1.36053]
[2018-07-25 10:32:55.353057][info][source:lane][message:radius: 1.36036]
[2018-07-25 10:32:55.386020][info][source:lane][message:radius: 1.35786]
[2018-07-25 10:32:55.416968][info][source:lane][message:radius: 1.35769]
[2018-07-25 10:32:55.455726][info][source:lane][message:radius: 1.35736]
[2018-07-25 10:32:55.484943][info][source:lane][message:radius: 1.35471]
[2018-07-25 10:32:55.515313][info][source:lane][message:radius: 1.35462]
[2018-07-25 10:32:55.551789][info][source:lane][message:radius: 1.35459]
[2018-07-25 10:32:55.586207][info][source:lane][message:radius: 1.35455]
[2018-07-25 10:32:55.619740][info][source:lane][message:radius: 1.35456]
[2018-07-25 10:32:55.652645][info][source:lane][message:radius: 1.35454]
[2018-07-25 10:32:55.686610][info][source:lane][message:radius: 1.35514]
[2018-07-25 10:32:55.720071][info][source:lane][message:radius: 1.35519]
[2018-07-25 10:32:55.752455][info][source:lane][message:radius: 1.35523]
[2018-07-25 10:32:55.786760][info][source:lane][message:radius: 1.35515]
[2018-07-25 10:32:55.819285][info][source:lane][message:radius: 1.35509]
[2018-07-25 10:32:55.852885][info][source:lane][message:radius: 1.35513]
[2018-07-25 10:32:55.886280][info][source:lane][message:radius: 1.35517]
[2018-07-25 10:32:55.919084][info][source:lane][message:radius: 1.35511]
[2018-07-25 10:32:55.951071][info][source:lane][message:radius: 1.35509]
[2018-07-25 10:32:55.987178][info][source:lane][message:radius: 1.35093]
[2018-07-25 10:32:56.017145][info][source:lane][message:radius: 1.35362]
[2018-07-25 10:32:56.054015][info][source:lane][message:radius: 1.35308]
[2018-07-25 10:32:56.086848][info][source:lane][message:radius: 1.35326]
[2018-07-25 10:32:56.117888][info][source:lane][message:radius: 1.34358]
[2018-07-25 10:32:56.151444][info][source:lane][message:radius: 1.34615]
[2018-07-25 10:32:56.187373][info][source:lane][message:radius: 1.34612]
[2018-07-25 10:32:56.220492][info][source:lane][message:radius: 1.34616]
[2018-07-25 10:32:56.254093][info][source:lane][message:radius: 1.33949]
[2018-07-25 10:32:56.284955][info][source:lane][message:radius: 1.33952]
[2018-07-25 10:32:56.319431][info][source:lane][message:radius: 1.34133]
[2018-07-25 10:32:56.350146][info][source:lane][message:radius: 1.34141]
[2018-07-25 10:32:56.388379][info][source:lane][message:radius: 1.34136]
[2018-07-25 10:32:56.418688][info][source:lane][message:radius: 1.34128]
[2018-07-25 10:32:56.454385][info][source:lane][message:radius: 1.34381]
[2018-07-25 10:32:56.486624][info][source:lane][message:radius: 1.34305]
[2018-07-25 10:32:56.517444][info][source:lane][message:radius: 1.34302]
[2018-07-25 10:32:56.550766][info][source:lane][message:radius: 1.34299]
[2018-07-25 10:32:56.584085][info][source:lane][message:radius: 1.34553]
[2018-07-25 10:32:56.621685][info][source:lane][message:radius: 1.34557]
[2018-07-25 10:32:56.653809][info][source:lane][message:radius: 1.33661]
[2018-07-25 10:32:56.685936][info][source:lane][message:radius: -1.32771]
[2018-07-25 10:32:56.718636][info][source:lane][message:radius: -1.31886]
[2018-07-25 10:32:56.751391][info][source:lane][message:radius: -1.3126]
[2018-07-25 10:32:56.787671][info][source:lane][message:radius: -1.30637]
[2018-07-25 10:32:56.819294][info][source:lane][message:radius: -1.2994]
[2018-07-25 10:32:56.852645][info][source:lane][message:radius: -1.29502]
[2018-07-25 10:32:56.886939][info][source:lane][message:radius: -1.2932]
[2018-07-25 10:32:56.918429][info][source:lane][message:radius: -1.28882]
[2018-07-25 10:32:56.954097][info][source:lane][message:radius: -1.29576]
[2018-07-25 10:32:56.984069][info][source:lane][message:radius: -1.30196]
[2018-07-25 10:32:57.017393][info][source:lane][message:radius: -1.30636]
[2018-07-25 10:32:57.051183][info][source:lane][message:radius: -1.30197]
[2018-07-25 10:32:57.086017][info][source:lane][message:radius: -1.29758]
[2018-07-25 10:32:57.119245][info][source:lane][message:radius: -1.30196]
[2018-07-25 10:32:57.152184][info][source:lane][message:radius: -1.30561]
[2018-07-25 10:32:57.187023][info][source:lane][message:radius: -1.30197]
[2018-07-25 10:32:57.218622][info][source:lane][message:radius: -1.29758]
[2018-07-25 10:32:57.253545][info][source:lane][message:radius: -1.29576]
[2018-07-25 10:32:57.284221][info][source:lane][message:radius: -1.29395]
[2018-07-25 10:32:57.320319][info][source:lane][message:radius: -1.28882]
[2018-07-25 10:32:57.352500][info][source:lane][message:radius: -1.29576]
[2018-07-25 10:32:57.388704][info][source:lane][message:radius: -1.30196]
[2018-07-25 10:32:57.419467][info][source:lane][message:radius: -1.29758]
[2018-07-25 10:32:57.454315][info][source:lane][message:radius: -1.2932]
[2018-07-25 10:32:57.485505][info][source:lane][message:radius: -1.29138]
[2018-07-25 10:32:57.519732][info][source:lane][message:radius: -1.29758]
[2018-07-25 10:32:57.551635][info][source:lane][message:radius: -1.30197]
[2018-07-25 10:32:57.584675][info][source:lane][message:radius: -1.30562]
[2018-07-25 10:32:57.620202][info][source:lane][message:radius: -1.31258]
[2018-07-25 10:32:57.649549][info][source:lane][message:radius: -1.31442]
[2018-07-25 10:32:57.682152][info][source:lane][message:radius: -1.31882]
[2018-07-25 10:32:57.715443][info][source:lane][message:radius: -1.31258]
[2018-07-25 10:32:57.752384][info][source:lane][message:radius: -1.30818]
[2018-07-25 10:32:57.788154][info][source:lane][message:radius: -1.30379]
[2018-07-25 10:32:57.819133][info][source:lane][message:radius: -1.30014]
[2018-07-25 10:32:57.850550][info][source:lane][message:radius: -1.29576]
[2018-07-25 10:32:57.884134][info][source:lane][message:radius: -1.29138]
[2018-07-25 10:32:57.919982][info][source:lane][message:radius: -1.28881]
[2018-07-25 10:32:57.948751][info][source:lane][message:radius: -1.287]
[2018-07-25 10:32:57.988276][info][source:lane][message:radius: -1.28263]
[2018-07-25 10:32:58.018009][info][source:lane][message:radius: -1.28082]
[2018-07-25 10:32:58.052929][info][source:lane][message:radius: -1.28957]
[2018-07-25 10:32:58.085859][info][source:lane][message:radius: -1.29576]
[2018-07-25 10:32:58.120396][info][source:lane][message:radius: -1.29138]
[2018-07-25 10:32:58.150877][info][source:lane][message:radius: -1.28957]
[2018-07-25 10:32:58.186978][info][source:lane][message:radius: -1.28444]
[2018-07-25 10:32:58.215705][info][source:lane][message:radius: -1.28263]
[2018-07-25 10:32:58.253986][info][source:lane][message:radius: -1.28083]
[2018-07-25 10:32:58.285542][info][source:lane][message:radius: -1.27826]
[2018-07-25 10:32:58.315869][info][source:lane][message:radius: -1.27902]
[2018-07-25 10:32:58.350361][info][source:lane][message:radius: -1.27646]
[2018-07-25 10:32:58.383938][info][source:lane][message:radius: -1.27389]
[2018-07-25 10:32:58.417772][info][source:lane][message:radius: -1.27466]
[2018-07-25 10:32:58.450960][info][source:lane][message:radius: -1.27209]
[2018-07-25 10:32:58.484321][info][source:lane][message:radius: -1.27209]
[2018-07-25 10:32:58.519367][info][source:lane][message:radius: -1.27287]
[2018-07-25 10:32:58.552939][info][source:lane][message:radius: -1.2703]
[2018-07-25 10:32:58.585513][info][source:lane][message:radius: -1.2703]
[2018-07-25 10:32:58.619376][info][source:lane][message:radius: -1.26773]
[2018-07-25 10:32:58.650786][info][source:lane][message:radius: -1.26773]
[2018-07-25 10:32:58.685495][info][source:lane][message:radius: -1.26594]
[2018-07-25 10:32:58.721378][info][source:lane][message:radius: -1.26594]
[2018-07-25 10:32:58.750939][info][source:lane][message:radius: -1.26594]
[2018-07-25 10:32:58.784458][info][source:lane][message:radius: -1.27466]
[2018-07-25 10:32:58.820090][info][source:lane][message:radius: -1.28082]
[2018-07-25 10:32:58.848823][info][source:lane][message:radius: -1.287]
[2018-07-25 10:32:58.888254][info][source:lane][message:radius: -1.28519]
[2018-07-25 10:32:58.918364][info][source:lane][message:radius: -1.28006]
[2018-07-25 10:32:58.955401][info][source:lane][message:radius: -1.27825]
[2018-07-25 10:32:58.984902][info][source:lane][message:radius: -1.27645]
[2018-07-25 10:32:59.016447][info][source:lane][message:radius: -1.27388]
[2018-07-25 10:32:59.053344][info][source:lane][message:radius: -1.27208]
[2018-07-25 10:32:59.086244][info][source:lane][message:radius: -1.26951]
[2018-07-25 10:32:59.120883][info][source:lane][message:radius: -1.26772]
[2018-07-25 10:32:59.150957][info][source:lane][message:radius: -1.26515]
[2018-07-25 10:32:59.183467][info][source:lane][message:radius: -1.26336]
[2018-07-25 10:32:59.219405][info][source:lane][message:radius: -1.26079]
[2018-07-25 10:32:59.251698][info][source:lane][message:radius: -1.259]
[2018-07-25 10:32:59.287634][info][source:lane][message:radius: -1.259]
[2018-07-25 10:32:59.320309][info][source:lane][message:radius: -1.25643]
[2018-07-25 10:32:59.353357][info][source:lane][message:radius: -1.25465]
[2018-07-25 10:32:59.386242][info][source:lane][message:radius: -1.25208]
[2018-07-25 10:32:59.418917][info][source:lane][message:radius: -1.25208]
[2018-07-25 10:32:59.453375][info][source:lane][message:radius: -1.2503]
[2018-07-25 10:32:59.484128][info][source:lane][message:radius: -1.2503]
[2018-07-25 10:32:59.519296][info][source:lane][message:radius: -1.2503]
[2018-07-25 10:32:59.553804][info][source:lane][message:radius: -1.2503]
[2018-07-25 10:32:59.581761][info][source:lane][message:radius: -1.24773]
[2018-07-25 10:32:59.615310][info][source:lane][message:radius: -1.24773]
[2018-07-25 10:32:59.652445][info][source:lane][message:radius: -1.24773]
[2018-07-25 10:32:59.687665][info][source:lane][message:radius: -1.25643]
[2018-07-25 10:32:59.719990][info][source:lane][message:radius: -1.26258]
[2018-07-25 10:32:59.754659][info][source:lane][message:radius: -1.26001]
[2018-07-25 10:32:59.787415][info][source:lane][message:radius: -1.26694]
[2018-07-25 10:32:59.815491][info][source:lane][message:radius: -1.27388]
[2018-07-25 10:32:59.856422][info][source:lane][message:radius: -1.26874]
[2018-07-25 10:32:59.882764][info][source:lane][message:radius: -1.26437]
[2018-07-25 10:32:59.921887][info][source:lane][message:radius: -1.26257]
[2018-07-25 10:32:59.951901][info][source:lane][message:radius: -1.25744]
[2018-07-25 10:32:59.982179][info][source:lane][message:radius: -1.26693]
